<html>
<body>
<pre>
<h1>µVision Build Log</h1>
<h2>Project:</h2>
E:\WorkSpace\Project\Quadcopter\Project\Quadcopter 1.1.3\STM32F103_EXP.uvproj
Project File Date:  07/28/2016

<h2>Output:</h2>
Rebuild target 'Target 1'
assembling startup_stm32f10x_md.s...
compiling core_cm3.c...
compiling system_stm32f10x.c...
compiling misc.c...
compiling stm32f10x_it.c...
compiling stm32f10x_gpio.c...
compiling stm32f10x_rcc.c...
compiling stm32f10x_usart.c...
compiling stm32f10x_tim.c...
compiling stm32f10x_exti.c...
compiling main.c...
compiling delay.c...
compiling led.c...
compiling quad_uart.c...
compiling STM32_I2C.c...
compiling system_init.c...
compiling Motor.c...
compiling MPU6050.c...
compiling nRF24L01.c...
compiling pid.c...
compiling quadcopter.c...
compiling inv_mpu.c...
compiling inv_mpu_dmp_motion_driver.c...
linking...
Program Size: Code=34066 RO-data=3742 RW-data=120 ZI-data=1816  
".\Output\STM32F103_EXP.axf" - 0 Errors, 0 Warning(s).
Load "E:\\WorkSpace\\Project\\Quadcopter\\Project\\Quadcopter 1.1.3\\Output\\STM32F103_EXP.axf" 
Erase Done.
Programming Done.
Verify OK.
Application running ...
Rebuild target 'Target 1'
assembling startup_stm32f10x_md.s...
compiling core_cm3.c...
compiling system_stm32f10x.c...
compiling misc.c...
compiling stm32f10x_it.c...
compiling stm32f10x_gpio.c...
compiling stm32f10x_rcc.c...
compiling stm32f10x_usart.c...
compiling stm32f10x_tim.c...
compiling stm32f10x_exti.c...
compiling main.c...
compiling delay.c...
compiling led.c...
compiling quad_uart.c...
compiling STM32_I2C.c...
compiling system_init.c...
compiling Motor.c...
compiling MPU6050.c...
compiling nRF24L01.c...
compiling pid.c...
compiling quadcopter.c...
compiling inv_mpu.c...
compiling inv_mpu_dmp_motion_driver.c...
linking...
Program Size: Code=34050 RO-data=3742 RW-data=120 ZI-data=1816  
".\Output\STM32F103_EXP.axf" - 0 Errors, 0 Warning(s).
Load "E:\\WorkSpace\\Project\\Quadcopter\\Project\\Quadcopter 1.1.3\\Output\\STM32F103_EXP.axf" 
Erase Done.
Programming Done.
Verify OK.
Application running ...
Rebuild target 'Target 1'
assembling startup_stm32f10x_md.s...
compiling core_cm3.c...
compiling system_stm32f10x.c...
compiling misc.c...
compiling stm32f10x_it.c...
compiling stm32f10x_gpio.c...
compiling stm32f10x_rcc.c...
compiling stm32f10x_usart.c...
compiling stm32f10x_tim.c...
compiling stm32f10x_exti.c...
compiling main.c...
compiling delay.c...
compiling led.c...
compiling quad_uart.c...
compiling STM32_I2C.c...
compiling system_init.c...
compiling Motor.c...
compiling MPU6050.c...
compiling nRF24L01.c...
compiling pid.c...
compiling quadcopter.c...
compiling inv_mpu.c...
compiling inv_mpu_dmp_motion_driver.c...
linking...
Program Size: Code=34054 RO-data=3738 RW-data=120 ZI-data=1816  
".\Output\STM32F103_EXP.axf" - 0 Errors, 0 Warning(s).
Load "E:\\WorkSpace\\Project\\Quadcopter\\Project\\Quadcopter 1.1.3\\Output\\STM32F103_EXP.axf" 
Erase Done.
Programming Done.
Verify OK.
Application running ...
Rebuild target 'Target 1'
assembling startup_stm32f10x_md.s...
compiling core_cm3.c...
compiling system_stm32f10x.c...
compiling misc.c...
compiling stm32f10x_it.c...
compiling stm32f10x_gpio.c...
compiling stm32f10x_rcc.c...
compiling stm32f10x_usart.c...
compiling stm32f10x_tim.c...
compiling stm32f10x_exti.c...
compiling main.c...
compiling delay.c...
compiling led.c...
compiling quad_uart.c...
compiling STM32_I2C.c...
compiling system_init.c...
compiling Motor.c...
compiling MPU6050.c...
compiling nRF24L01.c...
compiling pid.c...
compiling quadcopter.c...
compiling inv_mpu.c...
compiling inv_mpu_dmp_motion_driver.c...
linking...
Program Size: Code=34070 RO-data=3738 RW-data=120 ZI-data=1816  
".\Output\STM32F103_EXP.axf" - 0 Errors, 0 Warning(s).
Load "E:\\WorkSpace\\Project\\Quadcopter\\Project\\Quadcopter 1.1.3\\Output\\STM32F103_EXP.axf" 
Load "E:\\WorkSpace\\Project\\Quadcopter\\Project\\Quadcopter 1.1.3\\Output\\STM32F103_EXP.axf" 
Erase Done.
Programming Done.
Verify OK.
Application running ...
Rebuild target 'Target 1'
assembling startup_stm32f10x_md.s...
compiling core_cm3.c...
compiling system_stm32f10x.c...
compiling misc.c...
compiling stm32f10x_it.c...
compiling stm32f10x_gpio.c...
compiling stm32f10x_rcc.c...
compiling stm32f10x_usart.c...
compiling stm32f10x_tim.c...
compiling stm32f10x_exti.c...
compiling main.c...
compiling delay.c...
compiling led.c...
compiling quad_uart.c...
compiling STM32_I2C.c...
compiling system_init.c...
compiling Motor.c...
compiling MPU6050.c...
compiling nRF24L01.c...
compiling pid.c...
compiling quadcopter.c...
compiling inv_mpu.c...
compiling inv_mpu_dmp_motion_driver.c...
linking...
Program Size: Code=34074 RO-data=3742 RW-data=120 ZI-data=1816  
".\Output\STM32F103_EXP.axf" - 0 Errors, 0 Warning(s).
Load "E:\\WorkSpace\\Project\\Quadcopter\\Project\\Quadcopter 1.1.3\\Output\\STM32F103_EXP.axf" 
Erase Done.
Programming Done.
Verify OK.
Application running ...
Rebuild target 'Target 1'
assembling startup_stm32f10x_md.s...
compiling core_cm3.c...
compiling system_stm32f10x.c...
compiling misc.c...
compiling stm32f10x_it.c...
compiling stm32f10x_gpio.c...
compiling stm32f10x_rcc.c...
compiling stm32f10x_usart.c...
compiling stm32f10x_tim.c...
compiling stm32f10x_exti.c...
compiling main.c...
compiling delay.c...
compiling led.c...
compiling quad_uart.c...
compiling STM32_I2C.c...
compiling system_init.c...
compiling Motor.c...
compiling MPU6050.c...
compiling nRF24L01.c...
compiling pid.c...
compiling quadcopter.c...
compiling inv_mpu.c...
compiling inv_mpu_dmp_motion_driver.c...
linking...
Program Size: Code=34090 RO-data=3742 RW-data=120 ZI-data=1816  
".\Output\STM32F103_EXP.axf" - 0 Errors, 0 Warning(s).
Load "E:\\WorkSpace\\Project\\Quadcopter\\Project\\Quadcopter 1.1.3\\Output\\STM32F103_EXP.axf" 
Erase Done.
Programming Done.
Verify OK.
Application running ...
Rebuild target 'Target 1'
assembling startup_stm32f10x_md.s...
compiling core_cm3.c...
compiling system_stm32f10x.c...
compiling misc.c...
compiling stm32f10x_it.c...
compiling stm32f10x_gpio.c...
compiling stm32f10x_rcc.c...
compiling stm32f10x_usart.c...
compiling stm32f10x_tim.c...
compiling stm32f10x_exti.c...
compiling main.c...
compiling delay.c...
compiling led.c...
compiling quad_uart.c...
compiling STM32_I2C.c...
compiling system_init.c...
compiling Motor.c...
compiling MPU6050.c...
compiling nRF24L01.c...
compiling pid.c...
compiling quadcopter.c...
compiling inv_mpu.c...
compiling inv_mpu_dmp_motion_driver.c...
linking...
Program Size: Code=34098 RO-data=3742 RW-data=120 ZI-data=1816  
".\Output\STM32F103_EXP.axf" - 0 Errors, 0 Warning(s).
Load "E:\\WorkSpace\\Project\\Quadcopter\\Project\\Quadcopter 1.1.3\\Output\\STM32F103_EXP.axf" 
Erase Done.
Programming Done.
Verify OK.
Application running ...
Rebuild target 'Target 1'
assembling startup_stm32f10x_md.s...
compiling core_cm3.c...
compiling system_stm32f10x.c...
compiling misc.c...
compiling stm32f10x_it.c...
compiling stm32f10x_gpio.c...
compiling stm32f10x_rcc.c...
compiling stm32f10x_usart.c...
compiling stm32f10x_tim.c...
compiling stm32f10x_exti.c...
compiling main.c...
compiling delay.c...
compiling led.c...
compiling quad_uart.c...
compiling STM32_I2C.c...
compiling system_init.c...
compiling Motor.c...
compiling MPU6050.c...
compiling nRF24L01.c...
compiling pid.c...
compiling quadcopter.c...
compiling inv_mpu.c...
compiling inv_mpu_dmp_motion_driver.c...
linking...
Program Size: Code=34050 RO-data=3742 RW-data=120 ZI-data=1816  
".\Output\STM32F103_EXP.axf" - 0 Errors, 0 Warning(s).
Load "E:\\WorkSpace\\Project\\Quadcopter\\Project\\Quadcopter 1.1.3\\Output\\STM32F103_EXP.axf" 
Erase Done.
Programming Done.
Verify OK.
Application running ...
Rebuild target 'Target 1'
assembling startup_stm32f10x_md.s...
compiling core_cm3.c...
compiling system_stm32f10x.c...
compiling misc.c...
compiling stm32f10x_it.c...
compiling stm32f10x_gpio.c...
compiling stm32f10x_rcc.c...
compiling stm32f10x_usart.c...
compiling stm32f10x_tim.c...
compiling stm32f10x_exti.c...
compiling main.c...
compiling delay.c...
compiling led.c...
compiling quad_uart.c...
compiling STM32_I2C.c...
compiling system_init.c...
compiling Motor.c...
compiling MPU6050.c...
compiling nRF24L01.c...
compiling pid.c...
compiling quadcopter.c...
compiling inv_mpu.c...
compiling inv_mpu_dmp_motion_driver.c...
linking...
Program Size: Code=34058 RO-data=3742 RW-data=120 ZI-data=1816  
".\Output\STM32F103_EXP.axf" - 0 Errors, 0 Warning(s).
Load "E:\\WorkSpace\\Project\\Quadcopter\\Project\\Quadcopter 1.1.3\\Output\\STM32F103_EXP.axf" 
Erase Done.
Programming Done.
Verify OK.
Application running ...
Rebuild target 'Target 1'
assembling startup_stm32f10x_md.s...
compiling core_cm3.c...
compiling system_stm32f10x.c...
compiling misc.c...
compiling stm32f10x_it.c...
compiling stm32f10x_gpio.c...
compiling stm32f10x_rcc.c...
compiling stm32f10x_usart.c...
compiling stm32f10x_tim.c...
compiling stm32f10x_exti.c...
compiling main.c...
compiling delay.c...
compiling led.c...
compiling quad_uart.c...
compiling STM32_I2C.c...
compiling system_init.c...
compiling Motor.c...
compiling MPU6050.c...
compiling nRF24L01.c...
compiling pid.c...
compiling quadcopter.c...
compiling inv_mpu.c...
compiling inv_mpu_dmp_motion_driver.c...
linking...
Program Size: Code=34074 RO-data=3742 RW-data=120 ZI-data=1816  
".\Output\STM32F103_EXP.axf" - 0 Errors, 0 Warning(s).
Load "E:\\WorkSpace\\Project\\Quadcopter\\Project\\Quadcopter 1.1.3\\Output\\STM32F103_EXP.axf" 
Erase Done.
Programming Done.
Verify OK.
Application running ...
Rebuild target 'Target 1'
assembling startup_stm32f10x_md.s...
compiling core_cm3.c...
compiling system_stm32f10x.c...
compiling misc.c...
compiling stm32f10x_it.c...
compiling stm32f10x_gpio.c...
compiling stm32f10x_rcc.c...
compiling stm32f10x_usart.c...
compiling stm32f10x_tim.c...
compiling stm32f10x_exti.c...
compiling main.c...
compiling delay.c...
compiling led.c...
compiling quad_uart.c...
compiling STM32_I2C.c...
compiling system_init.c...
compiling Motor.c...
compiling MPU6050.c...
compiling nRF24L01.c...
compiling pid.c...
compiling quadcopter.c...
compiling inv_mpu.c...
compiling inv_mpu_dmp_motion_driver.c...
linking...
Program Size: Code=34114 RO-data=3742 RW-data=116 ZI-data=1820  
".\Output\STM32F103_EXP.axf" - 0 Errors, 0 Warning(s).
Load "E:\\WorkSpace\\Project\\Quadcopter\\Project\\Quadcopter 1.1.3\\Output\\STM32F103_EXP.axf" 
Erase Done.
Programming Done.
Verify OK.
Application running ...
