<html>
<body>
<pre>
<h1>礦ision Build Log</h1>
<h2>Project:</h2>
E:\WorkSpace\Project\Quadcopter\Project\完成的分块\飞机与遥控\STM32F103_nRF24L01_RX\STM32F103_EXP.uvproj
Project File Date:  07/16/2016

<h2>Output:</h2>
Load "E:\\WorkSpace\\Project\\Quadcopter\\Project\\完成的分块\\飞机与遥控\\STM32F103_nRF24L01_RX\\Output\\STM32F103_EXP.axf" 
Erase Done.
Programming Done.
Verify OK.
Application running ...
Rebuild target 'Target 1'
assembling startup_stm32f10x_md.s...
compiling core_cm3.c...
compiling system_stm32f10x.c...
compiling misc.c...
compiling stm32f10x_it.c...
compiling stm32f10x_gpio.c...
compiling stm32f10x_rcc.c...
compiling stm32f10x_usart.c...
compiling stm32f10x_flash.c...
compiling stm32f10x_tim.c...
compiling main.c...
compiling quad_uart.c...
compiling nRF24L01.c...
compiling delay.c...
compiling sysinit.c...
compiling led.c...
linking...
Program Size: Code=7850 RO-data=278 RW-data=40 ZI-data=1632  
".\Output\STM32F103_EXP.axf" - 0 Errors, 0 Warning(s).
Load "E:\\WorkSpace\\Project\\Quadcopter\\Project\\完成的分块\\飞机与遥控\\STM32F103_nRF24L01_RX\\Output\\STM32F103_EXP.axf" 
Erase Done.
Programming Done.
Verify OK.
Application running ...
