<html>
<body>
<pre>
<h1>µVision Build Log</h1>
<h2>Project:</h2>
E:\WorkSpace\Project\Quadcopter\Project\STM32F103_Motor_with_Timer\STM32F103_EXP.uvproj
Project File Date:  05/13/2016

<h2>Output:</h2>
Rebuild target 'Target 1'
assembling startup_stm32f10x_hd.s...
compiling core_cm3.c...
compiling system_stm32f10x.c...
compiling misc.c...
compiling stm32f10x_it.c...
compiling stm32f10x_gpio.c...
compiling stm32f10x_rcc.c...
compiling stm32f10x_tim.c...
compiling stm32f10x_usart.c...
compiling main.c...
User\main.c(19): error:  #165: too few arguments in function call
User\main.c(10): warning:  #177-D: variable "tmp" was declared but never referenced
compiling delay.c...
compiling led.c...
compiling quad_timer.c...
compiling quad_uart.c...
compiling sysinit.c...
".\Output\STM32F103_EXP.axf" - 1 Errors, 1 Warning(s).
Target not created
Rebuild target 'Target 1'
assembling startup_stm32f10x_hd.s...
compiling core_cm3.c...
compiling system_stm32f10x.c...
compiling misc.c...
compiling stm32f10x_it.c...
compiling stm32f10x_gpio.c...
compiling stm32f10x_rcc.c...
compiling stm32f10x_tim.c...
compiling stm32f10x_usart.c...
compiling main.c...
User\main.c(10): warning:  #550-D: variable "x" was set but never used
User\main.c(11): warning:  #177-D: variable "tmp" was declared but never referenced
compiling delay.c...
compiling led.c...
compiling quad_timer.c...
compiling quad_uart.c...
compiling sysinit.c...
linking...
Program Size: Code=7164 RO-data=336 RW-data=40 ZI-data=1632  
".\Output\STM32F103_EXP.axf" - 0 Errors, 2 Warning(s).
