ARM Linker, 5.03 [Build 76] [MDK-ARM Standard]

==============================================================================

Section Cross References

    startup_stm32f10x_hd.o(STACK) refers (Special) to heapauxi.o(.text) for __use_two_region_memory
    startup_stm32f10x_hd.o(HEAP) refers (Special) to heapauxi.o(.text) for __use_two_region_memory
    startup_stm32f10x_hd.o(RESET) refers (Special) to heapauxi.o(.text) for __use_two_region_memory
    startup_stm32f10x_hd.o(RESET) refers to startup_stm32f10x_hd.o(STACK) for __initial_sp
    startup_stm32f10x_hd.o(RESET) refers to startup_stm32f10x_hd.o(.text) for Reset_Handler
    startup_stm32f10x_hd.o(RESET) refers to stm32f10x_it.o(.text) for NMI_Handler
    startup_stm32f10x_hd.o(.text) refers (Special) to heapauxi.o(.text) for __use_two_region_memory
    startup_stm32f10x_hd.o(.text) refers to system_stm32f10x.o(.text) for SystemInit
    startup_stm32f10x_hd.o(.text) refers to __main.o(!!!main) for __main
    startup_stm32f10x_hd.o(.text) refers to startup_stm32f10x_hd.o(HEAP) for Heap_Mem
    startup_stm32f10x_hd.o(.text) refers to startup_stm32f10x_hd.o(STACK) for Stack_Mem
    system_stm32f10x.o(.text) refers to system_stm32f10x.o(.data) for SystemCoreClock
    stm32f10x_it.o(.text) refers to mpu6050.o(.text) for MPU6050_Get_PRY
    stm32f10x_it.o(.text) refers to faddsub_clz.o(x$fpl$fadd) for __aeabi_fadd
    stm32f10x_it.o(.text) refers to fdiv.o(x$fpl$fdiv) for __aeabi_fdiv
    stm32f10x_it.o(.text) refers to ffix.o(x$fpl$ffix) for __aeabi_f2iz
    stm32f10x_it.o(.text) refers to quad_uart.o(.text) for UART1_ReportIMU
    stm32f10x_it.o(.text) refers to led.o(.text) for LEDChangeState
    stm32f10x_it.o(.text) refers to main.o(.data) for accel
    stm32f10x_it.o(.text) refers to main.o(.bss) for PRY
    stm32f10x_it.o(.text) refers to stm32f10x_it.o(.bss) for PRYave
    stm32f10x_it.o(.text) refers to stm32f10x_it.o(.data) for SystickNum
    stm32f10x_gpio.o(.text) refers to stm32f10x_rcc.o(.text) for RCC_APB2PeriphResetCmd
    stm32f10x_rcc.o(.text) refers to stm32f10x_rcc.o(.data) for APBAHBPrescTable
    stm32f10x_usart.o(.text) refers to stm32f10x_rcc.o(.text) for RCC_APB2PeriphResetCmd
    main.o(.text) refers to system_init.o(.text) for SysClockInit
    main.o(.text) refers to quad_uart.o(.text) for Initial_UART1
    main.o(.text) refers to mpu6050.o(.text) for MPU6050_Init
    main.o(.text) refers to led.o(.text) for LEDInit
    quad_uart.o(.text) refers to stm32f10x_rcc.o(.text) for RCC_APB2PeriphClockCmd
    quad_uart.o(.text) refers to stm32f10x_gpio.o(.text) for GPIO_PinRemapConfig
    quad_uart.o(.text) refers to stm32f10x_usart.o(.text) for USART_Init
    quad_uart.o(.text) refers to strlen.o(.text) for strlen
    stm32_i2c.o(.text) refers to stm32f10x_rcc.o(.text) for RCC_APB2PeriphClockCmd
    stm32_i2c.o(.text) refers to stm32f10x_gpio.o(.text) for GPIO_Init
    mpu6050.o(.text) refers to inv_mpu.o(.text) for mpu_run_self_test
    mpu6050.o(.text) refers to fflt_clz.o(x$fpl$fflt) for __aeabi_i2f
    mpu6050.o(.text) refers to fmul.o(x$fpl$fmul) for __aeabi_fmul
    mpu6050.o(.text) refers to ffix.o(x$fpl$ffix) for __aeabi_f2iz
    mpu6050.o(.text) refers to inv_mpu_dmp_motion_driver.o(.text) for dmp_set_gyro_bias
    mpu6050.o(.text) refers to quad_uart.o(.text) for PrintChar
    mpu6050.o(.text) refers to stm32_i2c.o(.text) for I2CInit
    mpu6050.o(.text) refers to fdiv.o(x$fpl$fdiv) for __aeabi_fdiv
    mpu6050.o(.text) refers to faddsub_clz.o(x$fpl$fadd) for __aeabi_fadd
    mpu6050.o(.text) refers to f2d.o(x$fpl$f2d) for __aeabi_f2d
    mpu6050.o(.text) refers to asin.o(i.asin) for asin
    mpu6050.o(.text) refers to dmul.o(x$fpl$dmul) for __aeabi_dmul
    mpu6050.o(.text) refers to d2f.o(x$fpl$d2f) for __aeabi_d2f
    mpu6050.o(.text) refers to faddsub_clz.o(x$fpl$fsub) for __aeabi_fsub
    mpu6050.o(.text) refers to mpu6050.o(.data) for gyro_orientation
    mpu6050.o(.text) refers to atan2.o(i.atan2) for atan2
    led.o(.text) refers to stm32f10x_rcc.o(.text) for RCC_APB2PeriphClockCmd
    led.o(.text) refers to stm32f10x_gpio.o(.text) for GPIO_Init
    system_init.o(.text) refers to stm32f10x_rcc.o(.text) for RCC_DeInit
    system_init.o(.text) refers to misc.o(.text) for SysTick_CLKSourceConfig
    inv_mpu.o(.text) refers to stm32_i2c.o(.text) for i2cwrite
    inv_mpu.o(.text) refers to delay.o(.text) for delay_ms
    inv_mpu.o(.text) refers to inv_mpu.o(.data) for st
    inv_mpu.o(.text) refers to quad_uart.o(.text) for PrintChar
    inv_mpu.o(.text) refers to fflt_clz.o(x$fpl$ffltu) for __aeabi_ui2f
    inv_mpu.o(.text) refers to fflt_clz.o(x$fpl$fflt) for __aeabi_i2f
    inv_mpu.o(.text) refers to faddsub_clz.o(x$fpl$fsub) for __aeabi_fsub
    inv_mpu.o(.text) refers to fdiv.o(x$fpl$fdiv) for __aeabi_fdiv
    inv_mpu.o(.text) refers to faddsub_clz.o(x$fpl$fadd) for __aeabi_fadd
    inv_mpu.o(.text) refers to fmul.o(x$fpl$fmul) for __aeabi_fmul
[...]
    ../clib/angel/kernel.s                   0x00000000   Number         0  rtexit2.o ABSOLUTE
    ../clib/angel/rt.s                       0x00000000   Number         0  rt_errno_addr.o ABSOLUTE
    ../clib/angel/rt.s                       0x00000000   Number         0  aeabi_ldiv0_sigfpe.o ABSOLUTE
    ../clib/angel/rt.s                       0x00000000   Number         0  aeabi_ldiv0.o ABSOLUTE
    ../clib/angel/rt.s                       0x00000000   Number         0  rt_raise.o ABSOLUTE
    ../clib/angel/rt.s                       0x00000000   Number         0  rt_div0.o ABSOLUTE
    ../clib/angel/rt.s                       0x00000000   Number         0  rt_errno_addr_intlibspace.o ABSOLUTE
    ../clib/angel/scatter.s                  0x00000000   Number         0  __scatter.o ABSOLUTE
    ../clib/angel/startup.s                  0x00000000   Number         0  __main.o ABSOLUTE
    ../clib/angel/sys.s                      0x00000000   Number         0  libspace.o ABSOLUTE
    ../clib/angel/sys.s                      0x00000000   Number         0  sys_stackheap_outer.o ABSOLUTE
    ../clib/angel/sys.s                      0x00000000   Number         0  indicate_semi.o ABSOLUTE
    ../clib/angel/sys.s                      0x00000000   Number         0  use_no_semi.o ABSOLUTE
    ../clib/angel/sysapp.c                   0x00000000   Number         0  sys_exit.o ABSOLUTE
    ../clib/angel/sysapp.c                   0x00000000   Number         0  sys_wrch.o ABSOLUTE
    ../clib/angel/sysapp.c                   0x00000000   Number         0  sys_command.o ABSOLUTE
    ../clib/armsys.c                         0x00000000   Number         0  argv_veneer.o ABSOLUTE
    ../clib/armsys.c                         0x00000000   Number         0  _get_argv_nomalloc.o ABSOLUTE
    ../clib/armsys.c                         0x00000000   Number         0  argv_veneer.o ABSOLUTE
    ../clib/armsys.c                         0x00000000   Number         0  no_argv.o ABSOLUTE
    ../clib/fenv.c                           0x00000000   Number         0  _rserrno.o ABSOLUTE
    ../clib/heapalloc.c                      0x00000000   Number         0  hrguard.o ABSOLUTE
    ../clib/heapaux.c                        0x00000000   Number         0  heapauxi.o ABSOLUTE
    ../clib/libinit.s                        0x00000000   Number         0  libinit.o ABSOLUTE
    ../clib/libinit.s                        0x00000000   Number         0  libinit2.o ABSOLUTE
    ../clib/libinit.s                        0x00000000   Number         0  libshutdown.o ABSOLUTE
    ../clib/libinit.s                        0x00000000   Number         0  libshutdown2.o ABSOLUTE
    ../clib/longlong.s                       0x00000000   Number         0  lludivv7m.o ABSOLUTE
    ../clib/longlong.s                       0x00000000   Number         0  llsdiv.o ABSOLUTE
    ../clib/memcpset.s                       0x00000000   Number         0  aeabi_memset.o ABSOLUTE
    ../clib/memcpset.s                       0x00000000   Number         0  rt_memclr_w.o ABSOLUTE
    ../clib/memcpset.s                       0x00000000   Number         0  rt_memclr.o ABSOLUTE
    ../clib/signal.c                         0x00000000   Number         0  __raise.o ABSOLUTE
    ../clib/signal.c                         0x00000000   Number         0  defsig_fpe_inner.o ABSOLUTE
    ../clib/signal.c                         0x00000000   Number         0  defsig_exit.o ABSOLUTE
    ../clib/signal.c                         0x00000000   Number         0  defsig_fpe_formal.o ABSOLUTE
    ../clib/signal.c                         0x00000000   Number         0  defsig_fpe_outer.o ABSOLUTE
    ../clib/signal.c                         0x00000000   Number         0  defsig_general.o ABSOLUTE
    ../clib/signal.c                         0x00000000   Number         0  defsig_other.o ABSOLUTE
    ../clib/signal.c                         0x00000000   Number         0  defsig_segv_inner.o ABSOLUTE
    ../clib/signal.c                         0x00000000   Number         0  defsig_cppl_inner.o ABSOLUTE
    ../clib/signal.c                         0x00000000   Number         0  defsig_pvfn_inner.o ABSOLUTE
    ../clib/signal.c                         0x00000000   Number         0  defsig_stak_inner.o ABSOLUTE
    ../clib/signal.c                         0x00000000   Number         0  defsig_rtmem_inner.o ABSOLUTE
    ../clib/signal.c                         0x00000000   Number         0  defsig_rtred_inner.o ABSOLUTE
    ../clib/signal.c                         0x00000000   Number         0  defsig_abrt_inner.o ABSOLUTE
    ../clib/signal.c                         0x00000000   Number         0  defsig_rtmem_formal.o ABSOLUTE
    ../clib/signal.c                         0x00000000   Number         0  defsig_rtmem_outer.o ABSOLUTE
    ../clib/signal.s                         0x00000000   Number         0  defsig.o ABSOLUTE
    ../clib/stdlib.c                         0x00000000   Number         0  exit.o ABSOLUTE
    ../clib/string.c                         0x00000000   Number         0  memcmp.o ABSOLUTE
    ../clib/string.c                         0x00000000   Number         0  strlen.o ABSOLUTE
    ../fplib/d2f.s                           0x00000000   Number         0  d2f.o ABSOLUTE
    ../fplib/daddsub.s                       0x00000000   Number         0  daddsub_clz.o ABSOLUTE
    ../fplib/dcheck1.s                       0x00000000   Number         0  dcheck1.o ABSOLUTE
    ../fplib/dcmpi.s                         0x00000000   Number         0  dcmpi.o ABSOLUTE
    ../fplib/ddiv.s                          0x00000000   Number         0  ddiv.o ABSOLUTE
    ../fplib/dleqf.s                         0x00000000   Number         0  dleqf.o ABSOLUTE
    ../fplib/dmul.s                          0x00000000   Number         0  dmul.o ABSOLUTE
    ../fplib/dnaninf.s                       0x00000000   Number         0  dnaninf.o ABSOLUTE
    ../fplib/dretinf.s                       0x00000000   Number         0  dretinf.o ABSOLUTE
    ../fplib/dsqrt.s                         0x00000000   Number         0  dsqrt_noumaal.o ABSOLUTE
    ../fplib/f2d.s                           0x00000000   Number         0  f2d.o ABSOLUTE
    ../fplib/faddsub.s                       0x00000000   Number         0  faddsub_clz.o ABSOLUTE
    ../fplib/fcmpi.s                         0x00000000   Number         0  fcmpi.o ABSOLUTE
    ../fplib/fdiv.s                          0x00000000   Number         0  fdiv.o ABSOLUTE
    ../fplib/feqf.s                          0x00000000   Number         0  feqf.o ABSOLUTE
    ../fplib/ffix.s                          0x00000000   Number         0  ffix.o ABSOLUTE
    ../fplib/ffixu.s                         0x00000000   Number         0  ffixu.o ABSOLUTE
    ../fplib/fflt.s                          0x00000000   Number         0  fflt_clz.o ABSOLUTE
    ../fplib/fleqf.s                         0x00000000   Number         0  fleqf.o ABSOLUTE
    ../fplib/fmul.s                          0x00000000   Number         0  fmul.o ABSOLUTE
    ../fplib/fnaninf.s                       0x00000000   Number         0  fnaninf.o ABSOLUTE
    ../fplib/fpinit.s                        0x00000000   Number         0  fpinit.o ABSOLUTE
    ../fplib/fretinf.s                       0x00000000   Number         0  fretinf.o ABSOLUTE
    ../fplib/frleqf.s                        0x00000000   Number         0  frleqf.o ABSOLUTE
    ../fplib/retnan.s                        0x00000000   Number         0  retnan.o ABSOLUTE
    ../fplib/scalbn.s                        0x00000000   Number         0  scalbn.o ABSOLUTE
    ../fplib/trapv.s                         0x00000000   Number         0  trapv.o ABSOLUTE
    ../fplib/usenofp.s                       0x00000000   Number         0  usenofp.o ABSOLUTE
    ../mathlib/asin.c                        0x00000000   Number         0  asin.o ABSOLUTE
    ../mathlib/asin.c                        0x00000000   Number         0  asin_x.o ABSOLUTE
    ../mathlib/atan.c                        0x00000000   Number         0  atan_x.o ABSOLUTE
    ../mathlib/atan.c                        0x00000000   Number         0  atan.o ABSOLUTE
    ../mathlib/atan2.c                       0x00000000   Number         0  atan2_x.o ABSOLUTE
    ../mathlib/atan2.c                       0x00000000   Number         0  atan2.o ABSOLUTE
    ../mathlib/dunder.c                      0x00000000   Number         0  dunder.o ABSOLUTE
    ../mathlib/fpclassify.c                  0x00000000   Number         0  fpclassify.o ABSOLUTE
    ../mathlib/poly.c                        0x00000000   Number         0  poly.o ABSOLUTE
    ../mathlib/qnan.c                        0x00000000   Number         0  qnan.o ABSOLUTE
    ../mathlib/sqrt.c                        0x00000000   Number         0  sqrt_x.o ABSOLUTE
    ../mathlib/sqrt.c                        0x00000000   Number         0  sqrt.o ABSOLUTE
    Libraries\CMSIS\CM3\CoreSupport\core_cm3.c 0x00000000   Number         0  core_cm3.o ABSOLUTE
    Libraries\CMSIS\CM3\Startup\startup_stm32f10x_hd.s 0x00000000   Number         0  startup_stm32f10x_hd.o ABSOLUTE
    Libraries\CMSIS\system_stm32f10x.c       0x00000000   Number         0  system_stm32f10x.o ABSOLUTE
    Libraries\STM32F10x_StdPeriph_Driver\src\misc.c 0x00000000   Number         0  misc.o ABSOLUTE
    Libraries\STM32F10x_StdPeriph_Driver\src\stm32f10x_gpio.c 0x00000000   Number         0  stm32f10x_gpio.o ABSOLUTE
    Libraries\STM32F10x_StdPeriph_Driver\src\stm32f10x_rcc.c 0x00000000   Number         0  stm32f10x_rcc.o ABSOLUTE
    Libraries\STM32F10x_StdPeriph_Driver\src\stm32f10x_usart.c 0x00000000   Number         0  stm32f10x_usart.o ABSOLUTE
    Libraries\\CMSIS\\CM3\\CoreSupport\\core_cm3.c 0x00000000   Number         0  core_cm3.o ABSOLUTE
    Libraries\stm32f10x_it.c                 0x00000000   Number         0  stm32f10x_it.o ABSOLUTE
    User\MPU6050.c                           0x00000000   Number         0  mpu6050.o ABSOLUTE
    User\MPU6050\inv_mpu.c                   0x00000000   Number         0  inv_mpu.o ABSOLUTE
    User\MPU6050\inv_mpu_dmp_motion_driver.c 0x00000000   Number         0  inv_mpu_dmp_motion_driver.o ABSOLUTE
    User\STM32_I2C.c                         0x00000000   Number         0  stm32_i2c.o ABSOLUTE
    User\delay.c                             0x00000000   Number         0  delay.o ABSOLUTE
    User\led.c                               0x00000000   Number         0  led.o ABSOLUTE
    User\main.c                              0x00000000   Number         0  main.o ABSOLUTE
    User\quad_uart.c                         0x00000000   Number         0  quad_uart.o ABSOLUTE
    User\system_init.c                       0x00000000   Number         0  system_init.o ABSOLUTE
    dc.s                                     0x00000000   Number         0  dc.o ABSOLUTE
    RESET                                    0x08000000   Section      304  startup_stm32f10x_hd.o(RESET)
    !!!main                                  0x08000130   Section        8  __main.o(!!!main)
    !!!scatter                               0x08000138   Section       52  __scatter.o(!!!scatter)
    !!handler_copy                           0x0800016c   Section       26  __scatter_copy.o(!!handler_copy)
    !!handler_zi                             0x08000188   Section       28  __scatter_zi.o(!!handler_zi)
    .ARM.Collect$$libinit$$00000000          0x080001a4   Section        2  libinit.o(.ARM.Collect$$libinit$$00000000)
    .ARM.Collect$$libinit$$00000002          0x080001a6   Section        0  libinit2.o(.ARM.Collect$$libinit$$00000002)
    .ARM.Collect$$libinit$$00000008          0x080001a6   Section        0  libinit2.o(.ARM.Collect$$libinit$$00000008)
    .ARM.Collect$$libinit$$0000000A          0x080001a6   Section        0  libinit2.o(.ARM.Collect$$libinit$$0000000A)
    .ARM.Collect$$libinit$$0000000C          0x080001a6   Section        0  libinit2.o(.ARM.Collect$$libinit$$0000000C)
    .ARM.Collect$$libinit$$0000000F          0x080001a6   Section        0  libinit2.o(.ARM.Collect$$libinit$$0000000F)
    .ARM.Collect$$libinit$$00000011          0x080001a6   Section        0  libinit2.o(.ARM.Collect$$libinit$$00000011)
    .ARM.Collect$$libinit$$00000013          0x080001a6   Section        0  libinit2.o(.ARM.Collect$$libinit$$00000013)
    .ARM.Collect$$libinit$$00000015          0x080001a6   Section        0  libinit2.o(.ARM.Collect$$libinit$$00000015)
    .ARM.Collect$$libinit$$00000017          0x080001a6   Section        0  libinit2.o(.ARM.Collect$$libinit$$00000017)
    .ARM.Collect$$libinit$$00000019          0x080001a6   Section        0  libinit2.o(.ARM.Collect$$libinit$$00000019)
    .ARM.Collect$$libinit$$0000001B          0x080001a6   Section        0  libinit2.o(.ARM.Collect$$libinit$$0000001B)
    .ARM.Collect$$libinit$$0000001D          0x080001a6   Section        0  libinit2.o(.ARM.Collect$$libinit$$0000001D)
    .ARM.Collect$$libinit$$0000001F          0x080001a6   Section        0  libinit2.o(.ARM.Collect$$libinit$$0000001F)
    .ARM.Collect$$libinit$$00000021          0x080001a6   Section        0  libinit2.o(.ARM.Collect$$libinit$$00000021)
    .ARM.Collect$$libinit$$00000023          0x080001a6   Section        0  libinit2.o(.ARM.Collect$$libinit$$00000023)
    .ARM.Collect$$libinit$$0000002A          0x080001a6   Section        0  libinit2.o(.ARM.Collect$$libinit$$0000002A)
    .ARM.Collect$$libinit$$0000002C          0x080001a6   Section        0  libinit2.o(.ARM.Collect$$libinit$$0000002C)
    .ARM.Collect$$libinit$$0000002E          0x080001a6   Section        0  libinit2.o(.ARM.Collect$$libinit$$0000002E)
    .ARM.Collect$$libinit$$00000030          0x080001a6   Section        0  libinit2.o(.ARM.Collect$$libinit$$00000030)
    .ARM.Collect$$libinit$$00000031          0x080001a6   Section        2  libinit2.o(.ARM.Collect$$libinit$$00000031)
    .ARM.Collect$$libshutdown$$00000000      0x080001a8   Section        2  libshutdown.o(.ARM.Collect$$libshutdown$$00000000)
    .ARM.Collect$$libshutdown$$00000003      0x080001aa   Section        0  libshutdown2.o(.ARM.Collect$$libshutdown$$00000003)
    .ARM.Collect$$libshutdown$$00000006      0x080001aa   Section        0  libshutdown2.o(.ARM.Collect$$libshutdown$$00000006)
    .ARM.Collect$$libshutdown$$00000009      0x080001aa   Section        0  libshutdown2.o(.ARM.Collect$$libshutdown$$00000009)
    .ARM.Collect$$libshutdown$$0000000B      0x080001aa   Section        0  libshutdown2.o(.ARM.Collect$$libshutdown$$0000000B)
    .ARM.Collect$$libshutdown$$0000000E      0x080001aa   Section        0  libshutdown2.o(.ARM.Collect$$libshutdown$$0000000E)
    .ARM.Collect$$libshutdown$$0000000F      0x080001aa   Section        2  libshutdown2.o(.ARM.Collect$$libshutdown$$0000000F)
    .ARM.Collect$$rtentry$$00000000          0x080001ac   Section        0  rtentry.o(.ARM.Collect$$rtentry$$00000000)
    .ARM.Collect$$rtentry$$00000002          0x080001ac   Section        0  rtentry2.o(.ARM.Collect$$rtentry$$00000002)
    .ARM.Collect$$rtentry$$00000004          0x080001ac   Section        6  rtentry4.o(.ARM.Collect$$rtentry$$00000004)
    .ARM.Collect$$rtentry$$00000009          0x080001b2   Section        0  rtentry2.o(.ARM.Collect$$rtentry$$00000009)
    .ARM.Collect$$rtentry$$0000000A          0x080001b2   Section        4  rtentry2.o(.ARM.Collect$$rtentry$$0000000A)
    .ARM.Collect$$rtentry$$0000000C          0x080001b6   Section        0  rtentry2.o(.ARM.Collect$$rtentry$$0000000C)
    .ARM.Collect$$rtentry$$0000000D          0x080001b6   Section        8  rtentry2.o(.ARM.Collect$$rtentry$$0000000D)
    .ARM.Collect$$rtexit$$00000000           0x080001be   Section        2  rtexit.o(.ARM.Collect$$rtexit$$00000000)
    .ARM.Collect$$rtexit$$00000002           0x080001c0   Section        0  rtexit2.o(.ARM.Collect$$rtexit$$00000002)
    .ARM.Collect$$rtexit$$00000003           0x080001c0   Section        4  rtexit2.o(.ARM.Collect$$rtexit$$00000003)
    .ARM.Collect$$rtexit$$00000004           0x080001c4   Section        6  rtexit2.o(.ARM.Collect$$rtexit$$00000004)
    .text                                    0x080001cc   Section       64  startup_stm32f10x_hd.o(.text)
    .text                                    0x0800020c   Section        0  system_stm32f10x.o(.text)
    SetSysClockTo72                          0x0800020d   Thumb Code   212  system_stm32f10x.o(.text)
    SetSysClock                              0x080002e1   Thumb Code     8  system_stm32f10x.o(.text)
    .text                                    0x080003e8   Section        0  misc.o(.text)
    .text                                    0x080004c4   Section        0  stm32f10x_it.o(.text)
    .text                                    0x080005a4   Section        0  stm32f10x_gpio.o(.text)
    .text                                    0x080008fc   Section        0  stm32f10x_rcc.o(.text)
    .text                                    0x08000ca0   Section        0  stm32f10x_usart.o(.text)
    .text                                    0x080010a8   Section        0  main.o(.text)
    .text                                    0x080010ec   Section        0  quad_uart.o(.text)
    .text                                    0x080014b0   Section        0  stm32_i2c.o(.text)
    I2C_delay                                0x080014b1   Thumb Code    10  stm32_i2c.o(.text)
    I2C_Start                                0x080014bb   Thumb Code    90  stm32_i2c.o(.text)
    I2C_Stop                                 0x08001515   Thumb Code    56  stm32_i2c.o(.text)
    I2C_Ack                                  0x0800154d   Thumb Code    58  stm32_i2c.o(.text)
    I2C_NoAck                                0x08001587   Thumb Code    56  stm32_i2c.o(.text)
    I2C_WaitAck                              0x080015bf   Thumb Code    80  stm32_i2c.o(.text)
    I2C_SendByte                             0x0800160f   Thumb Code    90  stm32_i2c.o(.text)
    I2C_ReceiveByte                          0x08001669   Thumb Code    84  stm32_i2c.o(.text)
    .text                                    0x0800185c   Section        0  delay.o(.text)
    .text                                    0x08001890   Section        0  mpu6050.o(.text)
    inv_row_2_scale                          0x08001891   Thumb Code    78  mpu6050.o(.text)
    inv_orientation_matrix_to_scalar         0x080018df   Thumb Code    40  mpu6050.o(.text)
    run_self_test                            0x08001907   Thumb Code   174  mpu6050.o(.text)
    .text                                    0x08001fa8   Section        0  led.o(.text)
    .text                                    0x08002004   Section        0  system_init.o(.text)
    .text                                    0x080020c0   Section        0  inv_mpu.o(.text)
    get_ms                                   0x080020c1   Thumb Code     2  inv_mpu.o(.text)
    set_int_enable                           0x080020c3   Thumb Code   138  inv_mpu.o(.text)
    get_accel_prod_shift                     0x08003311   Thumb Code   168  inv_mpu.o(.text)
    accel_self_test                          0x080033b9   Thumb Code   160  inv_mpu.o(.text)
    gyro_self_test                           0x08003459   Thumb Code   276  inv_mpu.o(.text)
    get_st_biases                            0x0800356d   Thumb Code  1136  inv_mpu.o(.text)
    .text                                    0x08003f50   Section        0  inv_mpu_dmp_motion_driver.o(.text)
    get_ms                                   0x08003f51   Thumb Code     2  inv_mpu_dmp_motion_driver.o(.text)
    decode_gesture                           0x08004a09   Thumb Code    94  inv_mpu_dmp_motion_driver.o(.text)
    .text                                    0x08004cc0   Section       72  llsdiv.o(.text)
    .text                                    0x08004d08   Section        0  memcmp.o(.text)
    .text                                    0x08004d60   Section        0  strlen.o(.text)
    .text                                    0x08004d9e   Section       16  aeabi_memset.o(.text)
    .text                                    0x08004dae   Section        0  heapauxi.o(.text)
    .text                                    0x08004db4   Section      238  lludivv7m.o(.text)
    .text                                    0x08004ea2   Section        0  _rserrno.o(.text)
    .text                                    0x08004eb8   Section       68  rt_memclr.o(.text)
    .text                                    0x08004efc   Section        8  rt_errno_addr_intlibspace.o(.text)
    .text                                    0x08004f04   Section       78  rt_memclr_w.o(.text)
    .text                                    0x08004f54   Section        8  libspace.o(.text)
    .text                                    0x08004f5c   Section       74  sys_stackheap_outer.o(.text)
    .text                                    0x08004fa6   Section        0  exit.o(.text)
    .text                                    0x08004fb4   Section        0  sys_exit.o(.text)
    .text                                    0x08004fc0   Section        2  use_no_semi.o(.text)
    .text                                    0x08004fc2   Section        0  indicate_semi.o(.text)
    i.__ARM_fpclassify                       0x08004fc2   Section        0  fpclassify.o(i.__ARM_fpclassify)
    i.__kernel_poly                          0x08004fea   Section        0  poly.o(i.__kernel_poly)
    i.__mathlib_dbl_underflow                0x08005094   Section        0  dunder.o(i.__mathlib_dbl_underflow)
    i.asin                                   0x080050a4   Section        0  asin.o(i.asin)
    i.atan                                   0x08005320   Section        0  atan.o(i.atan)
    i.atan2                                  0x08005544   Section        0  atan2.o(i.atan2)
    i.sqrt                                   0x080056c4   Section        0  sqrt.o(i.sqrt)
    x$fpl$d2f                                0x08005710   Section       98  d2f.o(x$fpl$d2f)
    x$fpl$dadd                               0x08005774   Section      336  daddsub_clz.o(x$fpl$dadd)
    _dadd1                                   0x08005785   Thumb Code     0  daddsub_clz.o(x$fpl$dadd)
    x$fpl$dcheck1                            0x080058c4   Section       16  dcheck1.o(x$fpl$dcheck1)
    x$fpl$ddiv                               0x080058d4   Section      688  ddiv.o(x$fpl$ddiv)
    ddiv_entry                               0x080058db   Thumb Code     0  ddiv.o(x$fpl$ddiv)
    x$fpl$dmul                               0x08005b84   Section      340  dmul.o(x$fpl$dmul)
    x$fpl$dnaninf                            0x08005cd8   Section      156  dnaninf.o(x$fpl$dnaninf)
    x$fpl$dretinf                            0x08005d74   Section       12  dretinf.o(x$fpl$dretinf)
    x$fpl$drsb                               0x08005d80   Section       22  daddsub_clz.o(x$fpl$drsb)
    x$fpl$dsqrt                              0x08005d98   Section      460  dsqrt_noumaal.o(x$fpl$dsqrt)
    x$fpl$dsub                               0x08005f64   Section      468  daddsub_clz.o(x$fpl$dsub)
    _dsub1                                   0x08005f75   Thumb Code     0  daddsub_clz.o(x$fpl$dsub)
    x$fpl$f2d                                0x08006138   Section       86  f2d.o(x$fpl$f2d)
    x$fpl$fadd                               0x08006190   Section      196  faddsub_clz.o(x$fpl$fadd)
    _fadd1                                   0x0800619f   Thumb Code     0  faddsub_clz.o(x$fpl$fadd)
    x$fpl$fcmpinf                            0x08006254   Section       24  fcmpi.o(x$fpl$fcmpinf)
    x$fpl$fdiv                               0x0800626c   Section      388  fdiv.o(x$fpl$fdiv)
    _fdiv1                                   0x0800626d   Thumb Code     0  fdiv.o(x$fpl$fdiv)
    x$fpl$feqf                               0x080063f0   Section      104  feqf.o(x$fpl$feqf)
    x$fpl$ffix                               0x08006458   Section       54  ffix.o(x$fpl$ffix)
    x$fpl$ffixu                              0x08006490   Section       62  ffixu.o(x$fpl$ffixu)
    x$fpl$fflt                               0x080064d0   Section       48  fflt_clz.o(x$fpl$fflt)
    x$fpl$ffltu                              0x08006500   Section       38  fflt_clz.o(x$fpl$ffltu)
    x$fpl$fleqf                              0x08006528   Section      104  fleqf.o(x$fpl$fleqf)
    x$fpl$fmul                               0x08006590   Section      258  fmul.o(x$fpl$fmul)
    x$fpl$fnaninf                            0x08006692   Section      140  fnaninf.o(x$fpl$fnaninf)
    x$fpl$fretinf                            0x0800671e   Section       10  fretinf.o(x$fpl$fretinf)
    x$fpl$frleqf                             0x08006728   Section       98  frleqf.o(x$fpl$frleqf)
    x$fpl$fsub                               0x0800678c   Section      234  faddsub_clz.o(x$fpl$fsub)
    _fsub1                                   0x0800679b   Thumb Code     0  faddsub_clz.o(x$fpl$fsub)
    x$fpl$retnan                             0x08006876   Section      100  retnan.o(x$fpl$retnan)
    x$fpl$scalbn                             0x080068da   Section       92  scalbn.o(x$fpl$scalbn)
    x$fpl$trapveneer                         0x08006936   Section       48  trapv.o(x$fpl$trapveneer)
    x$fpl$usenofp                            0x08006966   Section        0  usenofp.o(x$fpl$usenofp)
    .constdata                               0x08006968   Section      157  inv_mpu.o(.constdata)
    .constdata                               0x08006a05   Section     3062  inv_mpu_dmp_motion_driver.o(.constdata)
    dmp_memory                               0x08006a05   Data        3062  inv_mpu_dmp_motion_driver.o(.constdata)
    .constdata                               0x08007600   Section       80  asin.o(.constdata)
    pS                                       0x08007600   Data          48  asin.o(.constdata)
    qS                                       0x08007630   Data          32  asin.o(.constdata)
    .constdata                               0x08007650   Section      152  atan.o(.constdata)
    atanhi                                   0x08007650   Data          32  atan.o(.constdata)
    atanlo                                   0x08007670   Data          32  atan.o(.constdata)
    aTodd                                    0x08007690   Data          40  atan.o(.constdata)
    aTeven                                   0x080076b8   Data          48  atan.o(.constdata)
    .constdata                               0x080076e8   Section        8  qnan.o(.constdata)
    .data                                    0x20000000   Section       20  system_stm32f10x.o(.data)
    .data                                    0x20000014   Section        2  stm32f10x_it.o(.data)
    .data                                    0x20000016   Section       20  stm32f10x_rcc.o(.data)
    APBAHBPrescTable                         0x20000016   Data          16  stm32f10x_rcc.o(.data)
    ADCPrescTable                            0x20000026   Data           4  stm32f10x_rcc.o(.data)
    .data                                    0x2000002a   Section       12  main.o(.data)
    .data                                    0x20000036   Section        9  mpu6050.o(.data)
    gyro_orientation                         0x20000036   Data           9  mpu6050.o(.data)
    .data                                    0x20000040   Section       44  inv_mpu.o(.data)
    st                                       0x20000040   Data          44  inv_mpu.o(.data)
    .bss                                     0x2000006c   Section       12  stm32f10x_it.o(.bss)
    .bss                                     0x20000078   Section       12  main.o(.bss)
    .bss                                     0x20000084   Section       16  inv_mpu_dmp_motion_driver.o(.bss)
    dmp                                      0x20000084   Data          16  inv_mpu_dmp_motion_driver.o(.bss)
    .bss                                     0x20000094   Section       96  libspace.o(.bss)
    HEAP                                     0x200000f8   Section      512  startup_stm32f10x_hd.o(HEAP)
    Heap_Mem                                 0x200000f8   Data         512  startup_stm32f10x_hd.o(HEAP)
    STACK                                    0x200002f8   Section     1024  startup_stm32f10x_hd.o(STACK)
    Stack_Mem                                0x200002f8   Data        1024  startup_stm32f10x_hd.o(STACK)
    __initial_sp                             0x200006f8   Data           0  startup_stm32f10x_hd.o(STACK)

    Global Symbols

    Symbol Name                              Value     Ov Type        Size  Object(Section)

    BuildAttributes$$THM_ISAv4$P$D$K$B$S$PE$A:L22UL41UL21$X:L11$S22US41US21$IEEE1$IW$USESV6$~STKCKD$USESV7$~SHL$OTIME$ROPI$IEEEX$EBA8$UX$STANDARDLIB$REQ8$PRES8$EABIv2 0x00000000   Number         0  anon$$obj.o ABSOLUTE
    __ARM_use_no_argv                        0x00000000   Number         0  main.o ABSOLUTE
    __ARM_exceptions_init                     - Undefined Weak Reference
    __alloca_initialize                       - Undefined Weak Reference
    __cpp_initialize__aeabi_                  - Undefined Weak Reference
    __cxa_finalize                            - Undefined Weak Reference
    __rt_locale                               - Undefined Weak Reference
    __sigvec_lookup                           - Undefined Weak Reference
    _atexit_init                              - Undefined Weak Reference
    _call_atexit_fns                          - Undefined Weak Reference
    _clock_init                               - Undefined Weak Reference
    _fp_trap_init                             - Undefined Weak Reference
    _fp_trap_shutdown                         - Undefined Weak Reference
    _get_lc_collate                           - Undefined Weak Reference
    _get_lc_ctype                             - Undefined Weak Reference
    _get_lc_monetary                          - Undefined Weak Reference
    _get_lc_numeric                           - Undefined Weak Reference
    _get_lc_time                              - Undefined Weak Reference
    _getenv_init                              - Undefined Weak Reference
    _handle_redirection                       - Undefined Weak Reference
    _init_alloc                               - Undefined Weak Reference
    _init_user_alloc                          - Undefined Weak Reference
    _initio                                   - Undefined Weak Reference
    _rand_init                                - Undefined Weak Reference
    _signal_finish                            - Undefined Weak Reference
    _signal_init                              - Undefined Weak Reference
    _terminate_alloc                          - Undefined Weak Reference
    _terminate_user_alloc                     - Undefined Weak Reference
    _terminateio                              - Undefined Weak Reference
    __Vectors_Size                           0x00000130   Number         0  startup_stm32f10x_hd.o ABSOLUTE
    __Vectors                                0x08000000   Data           4  startup_stm32f10x_hd.o(RESET)
    __Vectors_End                            0x08000130   Data           0  startup_stm32f10x_hd.o(RESET)
    __main                                   0x08000131   Thumb Code     8  __main.o(!!!main)
    __scatterload                            0x08000139   Thumb Code     0  __scatter.o(!!!scatter)
    __scatterload_rt2                        0x08000139   Thumb Code    44  __scatter.o(!!!scatter)
    __scatterload_rt2_thumb_only             0x08000139   Thumb Code     0  __scatter.o(!!!scatter)
    __scatterload_null                       0x08000147   Thumb Code     0  __scatter.o(!!!scatter)
    __scatterload_copy                       0x0800016d   Thumb Code    26  __scatter_copy.o(!!handler_copy)
    __scatterload_zeroinit                   0x08000189   Thumb Code    28  __scatter_zi.o(!!handler_zi)
    __rt_lib_init                            0x080001a5   Thumb Code     0  libinit.o(.ARM.Collect$$libinit$$00000000)
    __rt_lib_init_alloca_1                   0x080001a7   Thumb Code     0  libinit2.o(.ARM.Collect$$libinit$$0000002C)
    __rt_lib_init_argv_1                     0x080001a7   Thumb Code     0  libinit2.o(.ARM.Collect$$libinit$$0000002A)
    __rt_lib_init_atexit_1                   0x080001a7   Thumb Code     0  libinit2.o(.ARM.Collect$$libinit$$00000019)
    __rt_lib_init_clock_1                    0x080001a7   Thumb Code     0  libinit2.o(.ARM.Collect$$libinit$$0000001F)
    __rt_lib_init_cpp_1                      0x080001a7   Thumb Code     0  libinit2.o(.ARM.Collect$$libinit$$00000030)
    __rt_lib_init_exceptions_1               0x080001a7   Thumb Code     0  libinit2.o(.ARM.Collect$$libinit$$0000002E)
    __rt_lib_init_fp_1                       0x080001a7   Thumb Code     0  libinit2.o(.ARM.Collect$$libinit$$00000002)
    __rt_lib_init_fp_trap_1                  0x080001a7   Thumb Code     0  libinit2.o(.ARM.Collect$$libinit$$0000001D)
    __rt_lib_init_getenv_1                   0x080001a7   Thumb Code     0  libinit2.o(.ARM.Collect$$libinit$$00000021)
    __rt_lib_init_heap_1                     0x080001a7   Thumb Code     0  libinit2.o(.ARM.Collect$$libinit$$00000008)
    __rt_lib_init_lc_collate_1               0x080001a7   Thumb Code     0  libinit2.o(.ARM.Collect$$libinit$$0000000F)
    __rt_lib_init_lc_ctype_1                 0x080001a7   Thumb Code     0  libinit2.o(.ARM.Collect$$libinit$$00000011)
    __rt_lib_init_lc_monetary_1              0x080001a7   Thumb Code     0  libinit2.o(.ARM.Collect$$libinit$$00000013)
    __rt_lib_init_lc_numeric_1               0x080001a7   Thumb Code     0  libinit2.o(.ARM.Collect$$libinit$$00000015)
    __rt_lib_init_lc_time_1                  0x080001a7   Thumb Code     0  libinit2.o(.ARM.Collect$$libinit$$00000017)
    __rt_lib_init_rand_1                     0x080001a7   Thumb Code     0  libinit2.o(.ARM.Collect$$libinit$$0000000C)
    __rt_lib_init_return                     0x080001a7   Thumb Code     0  libinit2.o(.ARM.Collect$$libinit$$00000031)
    __rt_lib_init_signal_1                   0x080001a7   Thumb Code     0  libinit2.o(.ARM.Collect$$libinit$$0000001B)
    __rt_lib_init_stdio_1                    0x080001a7   Thumb Code     0  libinit2.o(.ARM.Collect$$libinit$$00000023)
    __rt_lib_init_user_alloc_1               0x080001a7   Thumb Code     0  libinit2.o(.ARM.Collect$$libinit$$0000000A)
    __rt_lib_shutdown                        0x080001a9   Thumb Code     0  libshutdown.o(.ARM.Collect$$libshutdown$$00000000)
    __rt_lib_shutdown_fp_trap_1              0x080001ab   Thumb Code     0  libshutdown2.o(.ARM.Collect$$libshutdown$$00000006)
    __rt_lib_shutdown_heap_1                 0x080001ab   Thumb Code     0  libshutdown2.o(.ARM.Collect$$libshutdown$$0000000E)
    __rt_lib_shutdown_return                 0x080001ab   Thumb Code     0  libshutdown2.o(.ARM.Collect$$libshutdown$$0000000F)
    __rt_lib_shutdown_signal_1               0x080001ab   Thumb Code     0  libshutdown2.o(.ARM.Collect$$libshutdown$$00000009)
    __rt_lib_shutdown_stdio_1                0x080001ab   Thumb Code     0  libshutdown2.o(.ARM.Collect$$libshutdown$$00000003)
    __rt_lib_shutdown_user_alloc_1           0x080001ab   Thumb Code     0  libshutdown2.o(.ARM.Collect$$libshutdown$$0000000B)
    __rt_entry                               0x080001ad   Thumb Code     0  rtentry.o(.ARM.Collect$$rtentry$$00000000)
    __rt_entry_presh_1                       0x080001ad   Thumb Code     0  rtentry2.o(.ARM.Collect$$rtentry$$00000002)
    __rt_entry_sh                            0x080001ad   Thumb Code     0  rtentry4.o(.ARM.Collect$$rtentry$$00000004)
    __rt_entry_li                            0x080001b3   Thumb Code     0  rtentry2.o(.ARM.Collect$$rtentry$$0000000A)
    __rt_entry_postsh_1                      0x080001b3   Thumb Code     0  rtentry2.o(.ARM.Collect$$rtentry$$00000009)
    __rt_entry_main                          0x080001b7   Thumb Code     0  rtentry2.o(.ARM.Collect$$rtentry$$0000000D)
    __rt_entry_postli_1                      0x080001b7   Thumb Code     0  rtentry2.o(.ARM.Collect$$rtentry$$0000000C)
    __rt_exit                                0x080001bf   Thumb Code     0  rtexit.o(.ARM.Collect$$rtexit$$00000000)
    __rt_exit_ls                             0x080001c1   Thumb Code     0  rtexit2.o(.ARM.Collect$$rtexit$$00000003)
    __rt_exit_prels_1                        0x080001c1   Thumb Code     0  rtexit2.o(.ARM.Collect$$rtexit$$00000002)
    __rt_exit_exit                           0x080001c5   Thumb Code     0  rtexit2.o(.ARM.Collect$$rtexit$$00000004)
    Reset_Handler                            0x080001cd   Thumb Code     8  startup_stm32f10x_hd.o(.text)
    ADC1_2_IRQHandler                        0x080001e7   Thumb Code     0  startup_stm32f10x_hd.o(.text)
    ADC3_IRQHandler                          0x080001e7   Thumb Code     0  startup_stm32f10x_hd.o(.text)
    CAN1_RX1_IRQHandler                      0x080001e7   Thumb Code     0  startup_stm32f10x_hd.o(.text)
    CAN1_SCE_IRQHandler                      0x080001e7   Thumb Code     0  startup_stm32f10x_hd.o(.text)
    DMA1_Channel1_IRQHandler                 0x080001e7   Thumb Code     0  startup_stm32f10x_hd.o(.text)
    DMA1_Channel2_IRQHandler                 0x080001e7   Thumb Code     0  startup_stm32f10x_hd.o(.text)
    DMA1_Channel3_IRQHandler                 0x080001e7   Thumb Code     0  startup_stm32f10x_hd.o(.text)
    DMA1_Channel4_IRQHandler                 0x080001e7   Thumb Code     0  startup_stm32f10x_hd.o(.text)
    DMA1_Channel5_IRQHandler                 0x080001e7   Thumb Code     0  startup_stm32f10x_hd.o(.text)
    DMA1_Channel6_IRQHandler                 0x080001e7   Thumb Code     0  startup_stm32f10x_hd.o(.text)
    DMA1_Channel7_IRQHandler                 0x080001e7   Thumb Code     0  startup_stm32f10x_hd.o(.text)
    DMA2_Channel1_IRQHandler                 0x080001e7   Thumb Code     0  startup_stm32f10x_hd.o(.text)
    DMA2_Channel2_IRQHandler                 0x080001e7   Thumb Code     0  startup_stm32f10x_hd.o(.text)
    DMA2_Channel3_IRQHandler                 0x080001e7   Thumb Code     0  startup_stm32f10x_hd.o(.text)
    DMA2_Channel4_5_IRQHandler               0x080001e7   Thumb Code     0  startup_stm32f10x_hd.o(.text)
    EXTI0_IRQHandler                         0x080001e7   Thumb Code     0  startup_stm32f10x_hd.o(.text)
    EXTI15_10_IRQHandler                     0x080001e7   Thumb Code     0  startup_stm32f10x_hd.o(.text)
    EXTI1_IRQHandler                         0x080001e7   Thumb Code     0  startup_stm32f10x_hd.o(.text)
    EXTI2_IRQHandler                         0x080001e7   Thumb Code     0  startup_stm32f10x_hd.o(.text)
    EXTI3_IRQHandler                         0x080001e7   Thumb Code     0  startup_stm32f10x_hd.o(.text)
    EXTI4_IRQHandler                         0x080001e7   Thumb Code     0  startup_stm32f10x_hd.o(.text)
    EXTI9_5_IRQHandler                       0x080001e7   Thumb Code     0  startup_stm32f10x_hd.o(.text)
    FLASH_IRQHandler                         0x080001e7   Thumb Code     0  startup_stm32f10x_hd.o(.text)
    FSMC_IRQHandler                          0x080001e7   Thumb Code     0  startup_stm32f10x_hd.o(.text)
    I2C1_ER_IRQHandler                       0x080001e7   Thumb Code     0  startup_stm32f10x_hd.o(.text)
    I2C1_EV_IRQHandler                       0x080001e7   Thumb Code     0  startup_stm32f10x_hd.o(.text)
    I2C2_ER_IRQHandler                       0x080001e7   Thumb Code     0  startup_stm32f10x_hd.o(.text)
    I2C2_EV_IRQHandler                       0x080001e7   Thumb Code     0  startup_stm32f10x_hd.o(.text)
    PVD_IRQHandler                           0x080001e7   Thumb Code     0  startup_stm32f10x_hd.o(.text)
    RCC_IRQHandler                           0x080001e7   Thumb Code     0  startup_stm32f10x_hd.o(.text)
    RTCAlarm_IRQHandler                      0x080001e7   Thumb Code     0  startup_stm32f10x_hd.o(.text)
    RTC_IRQHandler                           0x080001e7   Thumb Code     0  startup_stm32f10x_hd.o(.text)
    SDIO_IRQHandler                          0x080001e7   Thumb Code     0  startup_stm32f10x_hd.o(.text)
    SPI1_IRQHandler                          0x080001e7   Thumb Code     0  startup_stm32f10x_hd.o(.text)
    SPI2_IRQHandler                          0x080001e7   Thumb Code     0  startup_stm32f10x_hd.o(.text)
    SPI3_IRQHandler                          0x080001e7   Thumb Code     0  startup_stm32f10x_hd.o(.text)
    TAMPER_IRQHandler                        0x080001e7   Thumb Code     0  startup_stm32f10x_hd.o(.text)
    TIM1_BRK_IRQHandler                      0x080001e7   Thumb Code     0  startup_stm32f10x_hd.o(.text)
    TIM1_CC_IRQHandler                       0x080001e7   Thumb Code     0  startup_stm32f10x_hd.o(.text)
    TIM1_TRG_COM_IRQHandler                  0x080001e7   Thumb Code     0  startup_stm32f10x_hd.o(.text)
    TIM1_UP_IRQHandler                       0x080001e7   Thumb Code     0  startup_stm32f10x_hd.o(.text)
    TIM2_IRQHandler                          0x080001e7   Thumb Code     0  startup_stm32f10x_hd.o(.text)
    TIM3_IRQHandler                          0x080001e7   Thumb Code     0  startup_stm32f10x_hd.o(.text)
    TIM4_IRQHandler                          0x080001e7   Thumb Code     0  startup_stm32f10x_hd.o(.text)
    TIM5_IRQHandler                          0x080001e7   Thumb Code     0  startup_stm32f10x_hd.o(.text)
    TIM6_IRQHandler                          0x080001e7   Thumb Code     0  startup_stm32f10x_hd.o(.text)
    TIM7_IRQHandler                          0x080001e7   Thumb Code     0  startup_stm32f10x_hd.o(.text)
    TIM8_BRK_IRQHandler                      0x080001e7   Thumb Code     0  startup_stm32f10x_hd.o(.text)
    TIM8_CC_IRQHandler                       0x080001e7   Thumb Code     0  startup_stm32f10x_hd.o(.text)
    TIM8_TRG_COM_IRQHandler                  0x080001e7   Thumb Code     0  startup_stm32f10x_hd.o(.text)
    TIM8_UP_IRQHandler                       0x080001e7   Thumb Code     0  startup_stm32f10x_hd.o(.text)
    UART4_IRQHandler                         0x080001e7   Thumb Code     0  startup_stm32f10x_hd.o(.text)
    UART5_IRQHandler                         0x080001e7   Thumb Code     0  startup_stm32f10x_hd.o(.text)
    USART1_IRQHandler                        0x080001e7   Thumb Code     0  startup_stm32f10x_hd.o(.text)
    USART2_IRQHandler                        0x080001e7   Thumb Code     0  startup_stm32f10x_hd.o(.text)
    USART3_IRQHandler                        0x080001e7   Thumb Code     0  startup_stm32f10x_hd.o(.text)
    USBWakeUp_IRQHandler                     0x080001e7   Thumb Code     0  startup_stm32f10x_hd.o(.text)
    USB_HP_CAN1_TX_IRQHandler                0x080001e7   Thumb Code     0  startup_stm32f10x_hd.o(.text)
    USB_LP_CAN1_RX0_IRQHandler               0x080001e7   Thumb Code     0  startup_stm32f10x_hd.o(.text)
    WWDG_IRQHandler                          0x080001e7   Thumb Code     0  startup_stm32f10x_hd.o(.text)
    __user_initial_stackheap                 0x080001e9   Thumb Code     0  startup_stm32f10x_hd.o(.text)
    SystemInit                               0x080002e9   Thumb Code    78  system_stm32f10x.o(.text)
    SystemCoreClockUpdate                    0x08000337   Thumb Code   142  system_stm32f10x.o(.text)
    NVIC_PriorityGroupConfig                 0x080003e9   Thumb Code    10  misc.o(.text)
    NVIC_Init                                0x080003f3   Thumb Code   102  misc.o(.text)
    NVIC_SetVectorTable                      0x08000459   Thumb Code    14  misc.o(.text)
    NVIC_SystemLPConfig                      0x08000467   Thumb Code    34  misc.o(.text)
    SysTick_CLKSourceConfig                  0x08000489   Thumb Code    40  misc.o(.text)
    NMI_Handler                              0x080004c5   Thumb Code     2  stm32f10x_it.o(.text)
    HardFault_Handler                        0x080004c7   Thumb Code     4  stm32f10x_it.o(.text)
    MemManage_Handler                        0x080004cb   Thumb Code     4  stm32f10x_it.o(.text)
    BusFault_Handler                         0x080004cf   Thumb Code     4  stm32f10x_it.o(.text)
    UsageFault_Handler                       0x080004d3   Thumb Code     4  stm32f10x_it.o(.text)
    SVC_Handler                              0x080004d7   Thumb Code     2  stm32f10x_it.o(.text)
    DebugMon_Handler                         0x080004d9   Thumb Code     2  stm32f10x_it.o(.text)
    PendSV_Handler                           0x080004db   Thumb Code     2  stm32f10x_it.o(.text)
    SysTick_Handler                          0x080004dd   Thumb Code   168  stm32f10x_it.o(.text)
    GPIO_DeInit                              0x080005a5   Thumb Code   172  stm32f10x_gpio.o(.text)
    GPIO_AFIODeInit                          0x08000651   Thumb Code    20  stm32f10x_gpio.o(.text)
    GPIO_Init                                0x08000665   Thumb Code   274  stm32f10x_gpio.o(.text)
    GPIO_StructInit                          0x08000777   Thumb Code    16  stm32f10x_gpio.o(.text)
    GPIO_ReadInputDataBit                    0x08000787   Thumb Code    18  stm32f10x_gpio.o(.text)
    GPIO_ReadInputData                       0x08000799   Thumb Code     8  stm32f10x_gpio.o(.text)
    GPIO_ReadOutputDataBit                   0x080007a1   Thumb Code    18  stm32f10x_gpio.o(.text)
    GPIO_ReadOutputData                      0x080007b3   Thumb Code     8  stm32f10x_gpio.o(.text)
    GPIO_SetBits                             0x080007bb   Thumb Code     4  stm32f10x_gpio.o(.text)
    GPIO_ResetBits                           0x080007bf   Thumb Code     4  stm32f10x_gpio.o(.text)
    GPIO_WriteBit                            0x080007c3   Thumb Code    10  stm32f10x_gpio.o(.text)
    GPIO_Write                               0x080007cd   Thumb Code     4  stm32f10x_gpio.o(.text)
    GPIO_PinLockConfig                       0x080007d1   Thumb Code    18  stm32f10x_gpio.o(.text)
    GPIO_EventOutputConfig                   0x080007e3   Thumb Code    26  stm32f10x_gpio.o(.text)
    GPIO_EventOutputCmd                      0x080007fd   Thumb Code     6  stm32f10x_gpio.o(.text)
    GPIO_PinRemapConfig                      0x08000803   Thumb Code   138  stm32f10x_gpio.o(.text)
    GPIO_EXTILineConfig                      0x0800088d   Thumb Code    66  stm32f10x_gpio.o(.text)
    GPIO_ETH_MediaInterfaceConfig            0x080008cf   Thumb Code     6  stm32f10x_gpio.o(.text)
    RCC_DeInit                               0x080008fd   Thumb Code    64  stm32f10x_rcc.o(.text)
    RCC_HSEConfig                            0x0800093d   Thumb Code    70  stm32f10x_rcc.o(.text)
    RCC_GetFlagStatus                        0x08000983   Thumb Code    56  stm32f10x_rcc.o(.text)
    RCC_WaitForHSEStartUp                    0x080009bb   Thumb Code    56  stm32f10x_rcc.o(.text)
    RCC_AdjustHSICalibrationValue            0x080009f3   Thumb Code    20  stm32f10x_rcc.o(.text)
    RCC_HSICmd                               0x08000a07   Thumb Code     6  stm32f10x_rcc.o(.text)
    RCC_PLLConfig                            0x08000a0d   Thumb Code    24  stm32f10x_rcc.o(.text)
    RCC_PLLCmd                               0x08000a25   Thumb Code     6  stm32f10x_rcc.o(.text)
    RCC_SYSCLKConfig                         0x08000a2b   Thumb Code    18  stm32f10x_rcc.o(.text)
    RCC_GetSYSCLKSource                      0x08000a3d   Thumb Code    10  stm32f10x_rcc.o(.text)
    RCC_HCLKConfig                           0x08000a47   Thumb Code    18  stm32f10x_rcc.o(.text)
    RCC_PCLK1Config                          0x08000a59   Thumb Code    18  stm32f10x_rcc.o(.text)
    RCC_PCLK2Config                          0x08000a6b   Thumb Code    20  stm32f10x_rcc.o(.text)
    RCC_ITConfig                             0x08000a7f   Thumb Code    26  stm32f10x_rcc.o(.text)
    RCC_USBCLKConfig                         0x08000a99   Thumb Code     6  stm32f10x_rcc.o(.text)
    RCC_ADCCLKConfig                         0x08000a9f   Thumb Code    18  stm32f10x_rcc.o(.text)
    RCC_LSEConfig                            0x08000ab1   Thumb Code    44  stm32f10x_rcc.o(.text)
    RCC_LSICmd                               0x08000add   Thumb Code     6  stm32f10x_rcc.o(.text)
    RCC_RTCCLKConfig                         0x08000ae3   Thumb Code    12  stm32f10x_rcc.o(.text)
    RCC_RTCCLKCmd                            0x08000aef   Thumb Code     8  stm32f10x_rcc.o(.text)
    RCC_GetClocksFreq                        0x08000af7   Thumb Code   192  stm32f10x_rcc.o(.text)
    RCC_AHBPeriphClockCmd                    0x08000bb7   Thumb Code    26  stm32f10x_rcc.o(.text)
    RCC_APB2PeriphClockCmd                   0x08000bd1   Thumb Code    26  stm32f10x_rcc.o(.text)
    RCC_APB1PeriphClockCmd                   0x08000beb   Thumb Code    26  stm32f10x_rcc.o(.text)
    RCC_APB2PeriphResetCmd                   0x08000c05   Thumb Code    26  stm32f10x_rcc.o(.text)
    RCC_APB1PeriphResetCmd                   0x08000c1f   Thumb Code    26  stm32f10x_rcc.o(.text)
    RCC_BackupResetCmd                       0x08000c39   Thumb Code     8  stm32f10x_rcc.o(.text)
    RCC_ClockSecuritySystemCmd               0x08000c41   Thumb Code     6  stm32f10x_rcc.o(.text)
    RCC_MCOConfig                            0x08000c47   Thumb Code     6  stm32f10x_rcc.o(.text)
    RCC_ClearFlag                            0x08000c4d   Thumb Code    14  stm32f10x_rcc.o(.text)
    RCC_GetITStatus                          0x08000c5b   Thumb Code    20  stm32f10x_rcc.o(.text)
    RCC_ClearITPendingBit                    0x08000c6f   Thumb Code     6  stm32f10x_rcc.o(.text)
    USART_DeInit                             0x08000ca1   Thumb Code   134  stm32f10x_usart.o(.text)
    USART_Init                               0x08000d27   Thumb Code   210  stm32f10x_usart.o(.text)
    USART_StructInit                         0x08000df9   Thumb Code    24  stm32f10x_usart.o(.text)
    USART_ClockInit                          0x08000e11   Thumb Code    34  stm32f10x_usart.o(.text)
    USART_ClockStructInit                    0x08000e33   Thumb Code    12  stm32f10x_usart.o(.text)
    USART_Cmd                                0x08000e3f   Thumb Code    24  stm32f10x_usart.o(.text)
    USART_ITConfig                           0x08000e57   Thumb Code    74  stm32f10x_usart.o(.text)
    USART_DMACmd                             0x08000ea1   Thumb Code    18  stm32f10x_usart.o(.text)
    USART_SetAddress                         0x08000eb3   Thumb Code    18  stm32f10x_usart.o(.text)
    USART_WakeUpConfig                       0x08000ec5   Thumb Code    18  stm32f10x_usart.o(.text)
    USART_ReceiverWakeUpCmd                  0x08000ed7   Thumb Code    24  stm32f10x_usart.o(.text)
    USART_LINBreakDetectLengthConfig         0x08000eef   Thumb Code    18  stm32f10x_usart.o(.text)
    USART_LINCmd                             0x08000f01   Thumb Code    24  stm32f10x_usart.o(.text)
    USART_SendData                           0x08000f19   Thumb Code     8  stm32f10x_usart.o(.text)
    USART_ReceiveData                        0x08000f21   Thumb Code    10  stm32f10x_usart.o(.text)
    USART_SendBreak                          0x08000f2b   Thumb Code    10  stm32f10x_usart.o(.text)
    USART_SetGuardTime                       0x08000f35   Thumb Code    16  stm32f10x_usart.o(.text)
    USART_SetPrescaler                       0x08000f45   Thumb Code    16  stm32f10x_usart.o(.text)
    USART_SmartCardCmd                       0x08000f55   Thumb Code    24  stm32f10x_usart.o(.text)
    USART_SmartCardNACKCmd                   0x08000f6d   Thumb Code    24  stm32f10x_usart.o(.text)
    USART_HalfDuplexCmd                      0x08000f85   Thumb Code    24  stm32f10x_usart.o(.text)
    USART_OverSampling8Cmd                   0x08000f9d   Thumb Code    22  stm32f10x_usart.o(.text)
    USART_OneBitMethodCmd                    0x08000fb3   Thumb Code    24  stm32f10x_usart.o(.text)
    USART_IrDAConfig                         0x08000fcb   Thumb Code    18  stm32f10x_usart.o(.text)
    USART_IrDACmd                            0x08000fdd   Thumb Code    24  stm32f10x_usart.o(.text)
    USART_GetFlagStatus                      0x08000ff5   Thumb Code    26  stm32f10x_usart.o(.text)
    USART_ClearFlag                          0x0800100f   Thumb Code    18  stm32f10x_usart.o(.text)
    USART_GetITStatus                        0x08001021   Thumb Code    84  stm32f10x_usart.o(.text)
    USART_ClearITPendingBit                  0x08001075   Thumb Code    52  stm32f10x_usart.o(.text)
    main                                     0x080010a9   Thumb Code    50  main.o(.text)
    Initial_UART1                            0x080010ed   Thumb Code   132  quad_uart.o(.text)
    UART1_Put_Char                           0x08001171   Thumb Code    26  quad_uart.o(.text)
    Uart1_Put_Buf                            0x0800118b   Thumb Code    26  quad_uart.o(.text)
    UART1_ReportIMU                          0x080011a5   Thumb Code   340  quad_uart.o(.text)
    UART1_ReportMotion                       0x080012f9   Thumb Code   400  quad_uart.o(.text)
    PrintChar                                0x08001489   Thumb Code    32  quad_uart.o(.text)
    I2CInit                                  0x080016bd   Thumb Code    42  stm32_i2c.o(.text)
    I2CWrite                                 0x080016e7   Thumb Code    72  stm32_i2c.o(.text)
    I2CWriteBuffer                           0x0800172f   Thumb Code   100  stm32_i2c.o(.text)
    I2CReadBuffer                            0x08001793   Thumb Code   120  stm32_i2c.o(.text)
    i2cwrite                                 0x0800180b   Thumb Code    38  stm32_i2c.o(.text)
    i2cread                                  0x08001831   Thumb Code    38  stm32_i2c.o(.text)
    delay_us                                 0x0800185d   Thumb Code    26  delay.o(.text)
    delay_ms                                 0x08001877   Thumb Code    24  delay.o(.text)
    MPU6050_Init                             0x080019b5   Thumb Code   216  mpu6050.o(.text)
    MPU6050_Get_PRY                          0x08001a8d   Thumb Code  1304  mpu6050.o(.text)
    LEDInit                                  0x08001fa9   Thumb Code    38  led.o(.text)
    LEDChangeState                           0x08001fcf   Thumb Code    48  led.o(.text)
    SysClockInit                             0x08002005   Thumb Code    86  system_init.o(.text)
    SystickInit                              0x0800205b   Thumb Code    74  system_init.o(.text)
    SystickEnable                            0x080020a5   Thumb Code    18  system_init.o(.text)
    mpu_reg_dump                             0x0800214d   Thumb Code    72  inv_mpu.o(.text)
    mpu_read_reg                             0x08002195   Thumb Code    66  inv_mpu.o(.text)
    mpu_set_int_latched                      0x080021d7   Thumb Code   102  inv_mpu.o(.text)
    mpu_set_sensors                          0x0800223d   Thumb Code   202  inv_mpu.o(.text)
    mpu_set_bypass                           0x08002307   Thumb Code   328  inv_mpu.o(.text)
    mpu_reset_fifo                           0x0800244f   Thumb Code   454  inv_mpu.o(.text)
    mpu_configure_fifo                       0x08002615   Thumb Code   106  inv_mpu.o(.text)
    mpu_set_lpf                              0x0800267f   Thumb Code   126  inv_mpu.o(.text)
    mpu_lp_accel_mode                        0x080026fd   Thumb Code   218  inv_mpu.o(.text)
    mpu_set_sample_rate                      0x080027d7   Thumb Code   152  inv_mpu.o(.text)
    mpu_set_accel_fsr                        0x0800286f   Thumb Code   132  inv_mpu.o(.text)
    mpu_set_gyro_fsr                         0x080028f3   Thumb Code   132  inv_mpu.o(.text)
    mpu_init                                 0x08002977   Thumb Code   414  inv_mpu.o(.text)
    mpu_get_gyro_reg                         0x08002b15   Thumb Code   110  inv_mpu.o(.text)
    mpu_get_accel_reg                        0x08002b83   Thumb Code   110  inv_mpu.o(.text)
    mpu_get_temperature                      0x08002bf1   Thumb Code   150  inv_mpu.o(.text)
    mpu_set_accel_bias                       0x08002c87   Thumb Code   468  inv_mpu.o(.text)
    mpu_get_gyro_fsr                         0x08002e5b   Thumb Code    64  inv_mpu.o(.text)
    mpu_get_accel_fsr                        0x08002e9b   Thumb Code    72  inv_mpu.o(.text)
    mpu_get_lpf                              0x08002ee3   Thumb Code    74  inv_mpu.o(.text)
    mpu_get_sample_rate                      0x08002f2d   Thumb Code    26  inv_mpu.o(.text)
    mpu_get_compass_sample_rate              0x08002f47   Thumb Code    10  inv_mpu.o(.text)
    mpu_set_compass_sample_rate              0x08002f51   Thumb Code     8  inv_mpu.o(.text)
    mpu_get_gyro_sens                        0x08002f59   Thumb Code    58  inv_mpu.o(.text)
    mpu_get_accel_sens                       0x08002f93   Thumb Code    78  inv_mpu.o(.text)
    mpu_get_fifo_config                      0x08002fe1   Thumb Code    12  inv_mpu.o(.text)
    mpu_get_power_state                      0x08002fed   Thumb Code    22  inv_mpu.o(.text)
    mpu_get_int_status                       0x08003003   Thumb Code    64  inv_mpu.o(.text)
    mpu_read_fifo                            0x08003043   Thumb Code   520  inv_mpu.o(.text)
    mpu_read_fifo_stream                     0x0800324b   Thumb Code   186  inv_mpu.o(.text)
    mpu_set_int_level                        0x08003305   Thumb Code    12  inv_mpu.o(.text)
    mpu_set_dmp_state                        0x080039dd   Thumb Code   138  inv_mpu.o(.text)
    mpu_run_self_test                        0x08003a67   Thumb Code   278  inv_mpu.o(.text)
    mpu_write_mem                            0x08003b7d   Thumb Code   122  inv_mpu.o(.text)
    mpu_read_mem                             0x08003bf7   Thumb Code   122  inv_mpu.o(.text)
    mpu_load_firmware                        0x08003c71   Thumb Code   190  inv_mpu.o(.text)
    mpu_get_dmp_state                        0x08003d2f   Thumb Code    14  inv_mpu.o(.text)
    mpu_get_compass_reg                      0x08003d3d   Thumb Code     8  inv_mpu.o(.text)
    mpu_get_compass_fsr                      0x08003d45   Thumb Code     8  inv_mpu.o(.text)
    mpu_lp_motion_interrupt                  0x08003d4d   Thumb Code   512  inv_mpu.o(.text)
    dmp_load_motion_driver_firmware          0x08003f53   Thumb Code    20  inv_mpu_dmp_motion_driver.o(.text)
    dmp_set_orientation                      0x08003f67   Thumb Code   290  inv_mpu_dmp_motion_driver.o(.text)
    dmp_set_gyro_bias                        0x08004089   Thumb Code   294  inv_mpu_dmp_motion_driver.o(.text)
    dmp_set_accel_bias                       0x080041af   Thumb Code   300  inv_mpu_dmp_motion_driver.o(.text)
    dmp_set_fifo_rate                        0x080042db   Thumb Code   138  inv_mpu_dmp_motion_driver.o(.text)
    dmp_get_fifo_rate                        0x08004365   Thumb Code    12  inv_mpu_dmp_motion_driver.o(.text)
    dmp_set_tap_thresh                       0x08004371   Thumb Code   396  inv_mpu_dmp_motion_driver.o(.text)
    dmp_set_tap_axes                         0x080044fd   Thumb Code    70  inv_mpu_dmp_motion_driver.o(.text)
    dmp_set_tap_count                        0x08004543   Thumb Code    38  inv_mpu_dmp_motion_driver.o(.text)
    dmp_set_tap_time                         0x08004569   Thumb Code    38  inv_mpu_dmp_motion_driver.o(.text)
    dmp_set_tap_time_multi                   0x0800458f   Thumb Code    38  inv_mpu_dmp_motion_driver.o(.text)
    dmp_set_shake_reject_thresh              0x080045b5   Thumb Code    56  inv_mpu_dmp_motion_driver.o(.text)
    dmp_set_shake_reject_time                0x080045ed   Thumb Code    38  inv_mpu_dmp_motion_driver.o(.text)
    dmp_set_shake_reject_timeout             0x08004613   Thumb Code    38  inv_mpu_dmp_motion_driver.o(.text)
    dmp_get_pedometer_step_count             0x08004639   Thumb Code    66  inv_mpu_dmp_motion_driver.o(.text)
    dmp_set_pedometer_step_count             0x0800467b   Thumb Code    42  inv_mpu_dmp_motion_driver.o(.text)
    dmp_get_pedometer_walk_time              0x080046a5   Thumb Code    72  inv_mpu_dmp_motion_driver.o(.text)
    dmp_set_pedometer_walk_time              0x080046ed   Thumb Code    48  inv_mpu_dmp_motion_driver.o(.text)
    dmp_enable_6x_lp_quat                    0x0800471d   Thumb Code    84  inv_mpu_dmp_motion_driver.o(.text)
    dmp_enable_lp_quat                       0x08004771   Thumb Code    60  inv_mpu_dmp_motion_driver.o(.text)
    dmp_enable_gyro_cal                      0x080047ad   Thumb Code    62  inv_mpu_dmp_motion_driver.o(.text)
    dmp_enable_feature                       0x080047eb   Thumb Code   530  inv_mpu_dmp_motion_driver.o(.text)
    dmp_get_enabled_features                 0x080049fd   Thumb Code    12  inv_mpu_dmp_motion_driver.o(.text)
    dmp_set_interrupt_mode                   0x08004a67   Thumb Code    66  inv_mpu_dmp_motion_driver.o(.text)
    dmp_read_fifo                            0x08004aa9   Thumb Code   512  inv_mpu_dmp_motion_driver.o(.text)
    dmp_register_tap_cb                      0x08004ca9   Thumb Code    10  inv_mpu_dmp_motion_driver.o(.text)
    dmp_register_android_orient_cb           0x08004cb3   Thumb Code    10  inv_mpu_dmp_motion_driver.o(.text)
    __aeabi_ldivmod                          0x08004cc1   Thumb Code     0  llsdiv.o(.text)
    _ll_sdiv                                 0x08004cc1   Thumb Code    72  llsdiv.o(.text)
    memcmp                                   0x08004d09   Thumb Code    88  memcmp.o(.text)
    strlen                                   0x08004d61   Thumb Code    62  strlen.o(.text)
    __aeabi_memset                           0x08004d9f   Thumb Code    16  aeabi_memset.o(.text)
    __use_two_region_memory                  0x08004daf   Thumb Code     2  heapauxi.o(.text)
    __rt_heap_escrow$2region                 0x08004db1   Thumb Code     2  heapauxi.o(.text)
    __rt_heap_expand$2region                 0x08004db3   Thumb Code     2  heapauxi.o(.text)
    __aeabi_uldivmod                         0x08004db5   Thumb Code     0  lludivv7m.o(.text)
    _ll_udiv                                 0x08004db5   Thumb Code   238  lludivv7m.o(.text)
    __read_errno                             0x08004ea3   Thumb Code    10  _rserrno.o(.text)
    __set_errno                              0x08004ead   Thumb Code    12  _rserrno.o(.text)
    __aeabi_memclr                           0x08004eb9   Thumb Code     0  rt_memclr.o(.text)
    __rt_memclr                              0x08004eb9   Thumb Code    68  rt_memclr.o(.text)
    _memset                                  0x08004ebd   Thumb Code     0  rt_memclr.o(.text)
    __aeabi_errno_addr                       0x08004efd   Thumb Code     8  rt_errno_addr_intlibspace.o(.text)
    __errno$intlibspace                      0x08004efd   Thumb Code     0  rt_errno_addr_intlibspace.o(.text)
    __rt_errno_addr$intlibspace              0x08004efd   Thumb Code     0  rt_errno_addr_intlibspace.o(.text)
    __aeabi_memclr4                          0x08004f05   Thumb Code     0  rt_memclr_w.o(.text)
    __aeabi_memclr8                          0x08004f05   Thumb Code     0  rt_memclr_w.o(.text)
    __rt_memclr_w                            0x08004f05   Thumb Code    78  rt_memclr_w.o(.text)
    _memset_w                                0x08004f09   Thumb Code     0  rt_memclr_w.o(.text)
    __user_libspace                          0x08004f55   Thumb Code     8  libspace.o(.text)
    __user_perproc_libspace                  0x08004f55   Thumb Code     0  libspace.o(.text)
    __user_perthread_libspace                0x08004f55   Thumb Code     0  libspace.o(.text)
    __user_setup_stackheap                   0x08004f5d   Thumb Code    74  sys_stackheap_outer.o(.text)
    exit                                     0x08004fa7   Thumb Code    12  exit.o(.text)
    _sys_exit                                0x08004fb5   Thumb Code     8  sys_exit.o(.text)
    __I$use$semihosting                      0x08004fc1   Thumb Code     0  use_no_semi.o(.text)
    __use_no_semihosting_swi                 0x08004fc1   Thumb Code     2  use_no_semi.o(.text)
    __ARM_fpclassify                         0x08004fc3   Thumb Code    40  fpclassify.o(i.__ARM_fpclassify)
    __semihosting_library_function           0x08004fc3   Thumb Code     0  indicate_semi.o(.text)
    __kernel_poly                            0x08004feb   Thumb Code   170  poly.o(i.__kernel_poly)
    __mathlib_dbl_underflow                  0x08005095   Thumb Code    10  dunder.o(i.__mathlib_dbl_underflow)
    asin                                     0x080050a5   Thumb Code   584  asin.o(i.asin)
    atan                                     0x08005321   Thumb Code   478  atan.o(i.atan)
    atan2                                    0x08005545   Thumb Code   346  atan2.o(i.atan2)
    sqrt                                     0x080056c5   Thumb Code    76  sqrt.o(i.sqrt)
    __aeabi_d2f                              0x08005711   Thumb Code     0  d2f.o(x$fpl$d2f)
    _d2f                                     0x08005711   Thumb Code    98  d2f.o(x$fpl$d2f)
    __aeabi_dadd                             0x08005775   Thumb Code     0  daddsub_clz.o(x$fpl$dadd)
    _dadd                                    0x08005775   Thumb Code   332  daddsub_clz.o(x$fpl$dadd)
    __fpl_dcheck_NaN1                        0x080058c5   Thumb Code    10  dcheck1.o(x$fpl$dcheck1)
    __aeabi_ddiv                             0x080058d5   Thumb Code     0  ddiv.o(x$fpl$ddiv)
    _ddiv                                    0x080058d5   Thumb Code   552  ddiv.o(x$fpl$ddiv)
    __aeabi_dmul                             0x08005b85   Thumb Code     0  dmul.o(x$fpl$dmul)
    _dmul                                    0x08005b85   Thumb Code   332  dmul.o(x$fpl$dmul)
    __fpl_dnaninf                            0x08005cd9   Thumb Code   156  dnaninf.o(x$fpl$dnaninf)
    __fpl_dretinf                            0x08005d75   Thumb Code    12  dretinf.o(x$fpl$dretinf)
    __aeabi_drsub                            0x08005d81   Thumb Code     0  daddsub_clz.o(x$fpl$drsb)
    _drsb                                    0x08005d81   Thumb Code    22  daddsub_clz.o(x$fpl$drsb)
    _dsqrt                                   0x08005d99   Thumb Code   456  dsqrt_noumaal.o(x$fpl$dsqrt)
    __aeabi_dsub                             0x08005f65   Thumb Code     0  daddsub_clz.o(x$fpl$dsub)
    _dsub                                    0x08005f65   Thumb Code   464  daddsub_clz.o(x$fpl$dsub)
    __aeabi_f2d                              0x08006139   Thumb Code     0  f2d.o(x$fpl$f2d)
    _f2d                                     0x08006139   Thumb Code    86  f2d.o(x$fpl$f2d)
    __aeabi_fadd                             0x08006191   Thumb Code     0  faddsub_clz.o(x$fpl$fadd)
    _fadd                                    0x08006191   Thumb Code   196  faddsub_clz.o(x$fpl$fadd)
    __fpl_fcmp_Inf                           0x08006255   Thumb Code    24  fcmpi.o(x$fpl$fcmpinf)
    __aeabi_fdiv                             0x0800626d   Thumb Code     0  fdiv.o(x$fpl$fdiv)
    _fdiv                                    0x0800626d   Thumb Code   384  fdiv.o(x$fpl$fdiv)
    __aeabi_cfcmpeq                          0x080063f1   Thumb Code     0  feqf.o(x$fpl$feqf)
    _fcmpeq                                  0x080063f1   Thumb Code   104  feqf.o(x$fpl$feqf)
    __aeabi_f2iz                             0x08006459   Thumb Code     0  ffix.o(x$fpl$ffix)
    _ffix                                    0x08006459   Thumb Code    54  ffix.o(x$fpl$ffix)
    __aeabi_f2uiz                            0x08006491   Thumb Code     0  ffixu.o(x$fpl$ffixu)
    _ffixu                                   0x08006491   Thumb Code    62  ffixu.o(x$fpl$ffixu)
    __aeabi_i2f                              0x080064d1   Thumb Code     0  fflt_clz.o(x$fpl$fflt)
    _fflt                                    0x080064d1   Thumb Code    48  fflt_clz.o(x$fpl$fflt)
    __aeabi_ui2f                             0x08006501   Thumb Code     0  fflt_clz.o(x$fpl$ffltu)
    _ffltu                                   0x08006501   Thumb Code    38  fflt_clz.o(x$fpl$ffltu)
    __aeabi_cfcmple                          0x08006529   Thumb Code     0  fleqf.o(x$fpl$fleqf)
    _fcmple                                  0x08006529   Thumb Code   104  fleqf.o(x$fpl$fleqf)
    __fpl_fcmple_InfNaN                      0x0800657b   Thumb Code     0  fleqf.o(x$fpl$fleqf)
    __aeabi_fmul                             0x08006591   Thumb Code     0  fmul.o(x$fpl$fmul)
    _fmul                                    0x08006591   Thumb Code   258  fmul.o(x$fpl$fmul)
    __fpl_fnaninf                            0x08006693   Thumb Code   140  fnaninf.o(x$fpl$fnaninf)
    __fpl_fretinf                            0x0800671f   Thumb Code    10  fretinf.o(x$fpl$fretinf)
    __aeabi_cfrcmple                         0x08006729   Thumb Code     0  frleqf.o(x$fpl$frleqf)
    _frcmple                                 0x08006729   Thumb Code    98  frleqf.o(x$fpl$frleqf)
    __aeabi_fsub                             0x0800678d   Thumb Code     0  faddsub_clz.o(x$fpl$fsub)
    _fsub                                    0x0800678d   Thumb Code   234  faddsub_clz.o(x$fpl$fsub)
    __fpl_return_NaN                         0x08006877   Thumb Code   100  retnan.o(x$fpl$retnan)
    __ARM_scalbn                             0x080068db   Thumb Code    92  scalbn.o(x$fpl$scalbn)
    __fpl_cmpreturn                          0x08006937   Thumb Code    48  trapv.o(x$fpl$trapveneer)
    __I$use$fp                               0x08006966   Number         0  usenofp.o(x$fpl$usenofp)
    hw                                       0x08006968   Data          12  inv_mpu.o(.constdata)
    reg                                      0x08006974   Data          27  inv_mpu.o(.constdata)
    test                                     0x08006990   Data          40  inv_mpu.o(.constdata)
    __mathlib_zero                           0x080076e8   Data           8  qnan.o(.constdata)
    Region$$Table$$Base                      0x080076f0   Number         0  anon$$obj.o(Region$$Table)
    Region$$Table$$Limit                     0x08007710   Number         0  anon$$obj.o(Region$$Table)
    SystemCoreClock                          0x20000000   Data           4  system_stm32f10x.o(.data)
    AHBPrescTable                            0x20000004   Data          16  system_stm32f10x.o(.data)
    SystickNum                               0x20000014   Data           2  stm32f10x_it.o(.data)
    gyro                                     0x2000002a   Data           6  main.o(.data)
    accel                                    0x20000030   Data           6  main.o(.data)
    PRYave                                   0x2000006c   Data          12  stm32f10x_it.o(.bss)
    PRY                                      0x20000078   Data          12  main.o(.bss)
    __libspace_start                         0x20000094   Data          96  libspace.o(.bss)
    __temporary_stack_top$libspace           0x200000f4   Data           0  libspace.o(.bss)



==============================================================================

Memory Map of the image

  Image Entry point : 0x080001cd

  Load Region LR_1 (Base: 0x08000000, Size: 0x0000777c, Max: 0xffffffff, ABSOLUTE)

    Execution Region ER_RO (Base: 0x08000000, Size: 0x00007710, Max: 0xffffffff, ABSOLUTE)

    Base Addr    Size         Type   Attr      Idx    E Section Name        Object

    0x08000000   0x00000130   Data   RO            3    RESET               startup_stm32f10x_hd.o
    0x08000130   0x00000008   Code   RO          497  * !!!main             c_w.l(__main.o)
    0x08000138   0x00000034   Code   RO          790    !!!scatter          c_w.l(__scatter.o)
    0x0800016c   0x0000001a   Code   RO          792    !!handler_copy      c_w.l(__scatter_copy.o)
    0x08000186   0x00000002   PAD
    0x08000188   0x0000001c   Code   RO          794    !!handler_zi        c_w.l(__scatter_zi.o)
    0x080001a4   0x00000002   Code   RO          656    .ARM.Collect$$libinit$$00000000  c_w.l(libinit.o)
    0x080001a6   0x00000000   Code   RO          668    .ARM.Collect$$libinit$$00000002  c_w.l(libinit2.o)
    0x080001a6   0x00000000   Code   RO          671    .ARM.Collect$$libinit$$00000008  c_w.l(libinit2.o)
    0x080001a6   0x00000000   Code   RO          673    .ARM.Collect$$libinit$$0000000A  c_w.l(libinit2.o)
    0x080001a6   0x00000000   Code   RO          675    .ARM.Collect$$libinit$$0000000C  c_w.l(libinit2.o)
    0x080001a6   0x00000000   Code   RO          678    .ARM.Collect$$libinit$$0000000F  c_w.l(libinit2.o)
    0x080001a6   0x00000000   Code   RO          680    .ARM.Collect$$libinit$$00000011  c_w.l(libinit2.o)
    0x080001a6   0x00000000   Code   RO          682    .ARM.Collect$$libinit$$00000013  c_w.l(libinit2.o)
    0x080001a6   0x00000000   Code   RO          684    .ARM.Collect$$libinit$$00000015  c_w.l(libinit2.o)
    0x080001a6   0x00000000   Code   RO          686    .ARM.Collect$$libinit$$00000017  c_w.l(libinit2.o)
    0x080001a6   0x00000000   Code   RO          688    .ARM.Collect$$libinit$$00000019  c_w.l(libinit2.o)
    0x080001a6   0x00000000   Code   RO          690    .ARM.Collect$$libinit$$0000001B  c_w.l(libinit2.o)
    0x080001a6   0x00000000   Code   RO          692    .ARM.Collect$$libinit$$0000001D  c_w.l(libinit2.o)
    0x080001a6   0x00000000   Code   RO          694    .ARM.Collect$$libinit$$0000001F  c_w.l(libinit2.o)
    0x080001a6   0x00000000   Code   RO          696    .ARM.Collect$$libinit$$00000021  c_w.l(libinit2.o)
    0x080001a6   0x00000000   Code   RO          698    .ARM.Collect$$libinit$$00000023  c_w.l(libinit2.o)
    0x080001a6   0x00000000   Code   RO          702    .ARM.Collect$$libinit$$0000002A  c_w.l(libinit2.o)
    0x080001a6   0x00000000   Code   RO          704    .ARM.Collect$$libinit$$0000002C  c_w.l(libinit2.o)
    0x080001a6   0x00000000   Code   RO          706    .ARM.Collect$$libinit$$0000002E  c_w.l(libinit2.o)
    0x080001a6   0x00000000   Code   RO          708    .ARM.Collect$$libinit$$00000030  c_w.l(libinit2.o)
    0x080001a6   0x00000002   Code   RO          709    .ARM.Collect$$libinit$$00000031  c_w.l(libinit2.o)
    0x080001a8   0x00000002   Code   RO          741    .ARM.Collect$$libshutdown$$00000000  c_w.l(libshutdown.o)
    0x080001aa   0x00000000   Code   RO          759    .ARM.Collect$$libshutdown$$00000003  c_w.l(libshutdown2.o)
    0x080001aa   0x00000000   Code   RO          762    .ARM.Collect$$libshutdown$$00000006  c_w.l(libshutdown2.o)
    0x080001aa   0x00000000   Code   RO          765    .ARM.Collect$$libshutdown$$00000009  c_w.l(libshutdown2.o)
    0x080001aa   0x00000000   Code   RO          767    .ARM.Collect$$libshutdown$$0000000B  c_w.l(libshutdown2.o)
    0x080001aa   0x00000000   Code   RO          770    .ARM.Collect$$libshutdown$$0000000E  c_w.l(libshutdown2.o)
    0x080001aa   0x00000002   Code   RO          771    .ARM.Collect$$libshutdown$$0000000F  c_w.l(libshutdown2.o)
    0x080001ac   0x00000000   Code   RO          555    .ARM.Collect$$rtentry$$00000000  c_w.l(rtentry.o)
    0x080001ac   0x00000000   Code   RO          611    .ARM.Collect$$rtentry$$00000002  c_w.l(rtentry2.o)
    0x080001ac   0x00000006   Code   RO          623    .ARM.Collect$$rtentry$$00000004  c_w.l(rtentry4.o)
    0x080001b2   0x00000000   Code   RO          613    .ARM.Collect$$rtentry$$00000009  c_w.l(rtentry2.o)
    0x080001b2   0x00000004   Code   RO          614    .ARM.Collect$$rtentry$$0000000A  c_w.l(rtentry2.o)
    0x080001b6   0x00000000   Code   RO          616    .ARM.Collect$$rtentry$$0000000C  c_w.l(rtentry2.o)
    0x080001b6   0x00000008   Code   RO          617    .ARM.Collect$$rtentry$$0000000D  c_w.l(rtentry2.o)
    0x080001be   0x00000002   Code   RO          661    .ARM.Collect$$rtexit$$00000000  c_w.l(rtexit.o)
    0x080001c0   0x00000000   Code   RO          713    .ARM.Collect$$rtexit$$00000002  c_w.l(rtexit2.o)
    0x080001c0   0x00000004   Code   RO          714    .ARM.Collect$$rtexit$$00000003  c_w.l(rtexit2.o)
    0x080001c4   0x00000006   Code   RO          715    .ARM.Collect$$rtexit$$00000004  c_w.l(rtexit2.o)
    0x080001ca   0x00000002   PAD
    0x080001cc   0x00000040   Code   RO            4  * .text               startup_stm32f10x_hd.o
    0x0800020c   0x000001dc   Code   RO           24    .text               system_stm32f10x.o
    0x080003e8   0x000000dc   Code   RO          121    .text               misc.o
    0x080004c4   0x000000e0   Code   RO          206    .text               stm32f10x_it.o
    0x080005a4   0x00000358   Code   RO          244    .text               stm32f10x_gpio.o
    0x080008fc   0x000003a4   Code   RO          262    .text               stm32f10x_rcc.o
    0x08000ca0   0x00000408   Code   RO          279    .text               stm32f10x_usart.o
    0x080010a8   0x00000044   Code   RO          294    .text               main.o
    0x080010ec   0x000003c4   Code   RO          325    .text               quad_uart.o
    0x080014b0   0x000003ac   Code   RO          343    .text               stm32_i2c.o
    0x0800185c   0x00000032   Code   RO          355    .text               delay.o
    0x0800188e   0x00000002   PAD
    0x08001890   0x00000718   Code   RO          370    .text               mpu6050.o
    0x08001fa8   0x0000005c   Code   RO          388    .text               led.o
    0x08002004   0x000000bc   Code   RO          400    .text               system_init.o
    0x080020c0   0x00001e90   Code   RO          416    .text               inv_mpu.o
    0x08003f50   0x00000d70   Code   RO          458    .text               inv_mpu_dmp_motion_driver.o
    0x08004cc0   0x00000048   Code   RO          487    .text               c_w.l(llsdiv.o)
    0x08004d08   0x00000058   Code   RO          489    .text               c_w.l(memcmp.o)
    0x08004d60   0x0000003e   Code   RO          491    .text               c_w.l(strlen.o)
    0x08004d9e   0x00000010   Code   RO          493    .text               c_w.l(aeabi_memset.o)
    0x08004dae   0x00000006   Code   RO          495    .text               c_w.l(heapauxi.o)
    0x08004db4   0x000000ee   Code   RO          556    .text               c_w.l(lludivv7m.o)
    0x08004ea2   0x00000016   Code   RO          558    .text               c_w.l(_rserrno.o)
    0x08004eb8   0x00000044   Code   RO          560    .text               c_w.l(rt_memclr.o)
    0x08004efc   0x00000008   Code   RO          632    .text               c_w.l(rt_errno_addr_intlibspace.o)
    0x08004f04   0x0000004e   Code   RO          634    .text               c_w.l(rt_memclr_w.o)
    0x08004f52   0x00000002   PAD
    0x08004f54   0x00000008   Code   RO          642    .text               c_w.l(libspace.o)
    0x08004f5c   0x0000004a   Code   RO          645    .text               c_w.l(sys_stackheap_outer.o)
    0x08004fa6   0x0000000c   Code   RO          649    .text               c_w.l(exit.o)
    0x08004fb2   0x00000002   PAD
    0x08004fb4   0x0000000c   Code   RO          729    .text               c_w.l(sys_exit.o)
    0x08004fc0   0x00000002   Code   RO          746    .text               c_w.l(use_no_semi.o)
    0x08004fc2   0x00000000   Code   RO          748    .text               c_w.l(indicate_semi.o)
    0x08004fc2   0x00000028   Code   RO          597    i.__ARM_fpclassify  m_ws.l(fpclassify.o)
    0x08004fea   0x000000aa   Code   RO          599    i.__kernel_poly     m_ws.l(poly.o)
    0x08005094   0x00000010   Code   RO          595    i.__mathlib_dbl_underflow  m_ws.l(dunder.o)
    0x080050a4   0x0000027c   Code   RO          538    i.asin              m_ws.l(asin.o)
    0x08005320   0x00000224   Code   RO          586    i.atan              m_ws.l(atan.o)
    0x08005544   0x00000180   Code   RO          548    i.atan2             m_ws.l(atan2.o)
    0x080056c4   0x0000004c   Code   RO          603    i.sqrt              m_ws.l(sqrt.o)
    0x08005710   0x00000062   Code   RO          499    x$fpl$d2f           fz_ws.l(d2f.o)
    0x08005772   0x00000002   PAD
    0x08005774   0x00000150   Code   RO          562    x$fpl$dadd          fz_ws.l(daddsub_clz.o)
    0x080058c4   0x00000010   Code   RO          636    x$fpl$dcheck1       fz_ws.l(dcheck1.o)
    0x080058d4   0x000002b0   Code   RO          569    x$fpl$ddiv          fz_ws.l(ddiv.o)
    0x08005b84   0x00000154   Code   RO          501    x$fpl$dmul          fz_ws.l(dmul.o)
    0x08005cd8   0x0000009c   Code   RO          572    x$fpl$dnaninf       fz_ws.l(dnaninf.o)
    0x08005d74   0x0000000c   Code   RO          574    x$fpl$dretinf       fz_ws.l(dretinf.o)
    0x08005d80   0x00000016   Code   RO          563    x$fpl$drsb          fz_ws.l(daddsub_clz.o)
    0x08005d96   0x00000002   PAD
    0x08005d98   0x000001cc   Code   RO          640    x$fpl$dsqrt         fz_ws.l(dsqrt_noumaal.o)
    0x08005f64   0x000001d4   Code   RO          564    x$fpl$dsub          fz_ws.l(daddsub_clz.o)
    0x08006138   0x00000056   Code   RO          503    x$fpl$f2d           fz_ws.l(f2d.o)
    0x0800618e   0x00000002   PAD
    0x08006190   0x000000c4   Code   RO          505    x$fpl$fadd          fz_ws.l(faddsub_clz.o)
    0x08006254   0x00000018   Code   RO          576    x$fpl$fcmpinf       fz_ws.l(fcmpi.o)
    0x0800626c   0x00000184   Code   RO          512    x$fpl$fdiv          fz_ws.l(fdiv.o)
    0x080063f0   0x00000068   Code   RO          515    x$fpl$feqf          fz_ws.l(feqf.o)
    0x08006458   0x00000036   Code   RO          517    x$fpl$ffix          fz_ws.l(ffix.o)
    0x0800648e   0x00000002   PAD
    0x08006490   0x0000003e   Code   RO          521    x$fpl$ffixu         fz_ws.l(ffixu.o)
    0x080064ce   0x00000002   PAD
    0x080064d0   0x00000030   Code   RO          526    x$fpl$fflt          fz_ws.l(fflt_clz.o)
    0x08006500   0x00000026   Code   RO          525    x$fpl$ffltu         fz_ws.l(fflt_clz.o)
    0x08006526   0x00000002   PAD
    0x08006528   0x00000068   Code   RO          531    x$fpl$fleqf         fz_ws.l(fleqf.o)
    0x08006590   0x00000102   Code   RO          533    x$fpl$fmul          fz_ws.l(fmul.o)
    0x08006692   0x0000008c   Code   RO          578    x$fpl$fnaninf       fz_ws.l(fnaninf.o)
    0x0800671e   0x0000000a   Code   RO          580    x$fpl$fretinf       fz_ws.l(fretinf.o)
    0x08006728   0x00000062   Code   RO          535    x$fpl$frleqf        fz_ws.l(frleqf.o)
    0x0800678a   0x00000002   PAD
    0x0800678c   0x000000ea   Code   RO          507    x$fpl$fsub          fz_ws.l(faddsub_clz.o)
    0x08006876   0x00000064   Code   RO          659    x$fpl$retnan        fz_ws.l(retnan.o)
    0x080068da   0x0000005c   Code   RO          582    x$fpl$scalbn        fz_ws.l(scalbn.o)
    0x08006936   0x00000030   Code   RO          710    x$fpl$trapveneer    fz_ws.l(trapv.o)
    0x08006966   0x00000000   Code   RO          584    x$fpl$usenofp       fz_ws.l(usenofp.o)
    0x08006966   0x00000002   PAD
    0x08006968   0x0000009d   Data   RO          417    .constdata          inv_mpu.o
    0x08006a05   0x00000bf6   Data   RO          460    .constdata          inv_mpu_dmp_motion_driver.o
    0x080075fb   0x00000005   PAD
    0x08007600   0x00000050   Data   RO          539    .constdata          m_ws.l(asin.o)
    0x08007650   0x00000098   Data   RO          587    .constdata          m_ws.l(atan.o)
    0x080076e8   0x00000008   Data   RO          601    .constdata          m_ws.l(qnan.o)
    0x080076f0   0x00000020   Data   RO          788    Region$$Table       anon$$obj.o


    Execution Region ER_RW (Base: 0x20000000, Size: 0x0000006c, Max: 0xffffffff, ABSOLUTE)

    Base Addr    Size         Type   Attr      Idx    E Section Name        Object

    0x20000000   0x00000014   Data   RW           25    .data               system_stm32f10x.o
    0x20000014   0x00000002   Data   RW          208    .data               stm32f10x_it.o
    0x20000016   0x00000014   Data   RW          263    .data               stm32f10x_rcc.o
    0x2000002a   0x0000000c   Data   RW          296    .data               main.o
    0x20000036   0x00000009   Data   RW          371    .data               mpu6050.o
    0x2000003f   0x00000001   PAD
    0x20000040   0x0000002c   Data   RW          418    .data               inv_mpu.o


    Execution Region ER_ZI (Base: 0x2000006c, Size: 0x0000068c, Max: 0xffffffff, ABSOLUTE)

    Base Addr    Size         Type   Attr      Idx    E Section Name        Object

    0x2000006c   0x0000000c   Zero   RW          207    .bss                stm32f10x_it.o
    0x20000078   0x0000000c   Zero   RW          295    .bss                main.o
    0x20000084   0x00000010   Zero   RW          459    .bss                inv_mpu_dmp_motion_driver.o
    0x20000094   0x00000060   Zero   RW          643    .bss                c_w.l(libspace.o)
    0x200000f4   0x00000004   PAD
    0x200000f8   0x00000200   Zero   RW            2    HEAP                startup_stm32f10x_hd.o
    0x200002f8   0x00000400   Zero   RW            1    STACK               startup_stm32f10x_hd.o


==============================================================================

Image component sizes


      Code (inc. data)   RO Data    RW Data    ZI Data      Debug   Object Name

         0          0          0          0          0       4260   core_cm3.o
        50          0          0          0          0        564   delay.o
      7824        170        157         44          0      20842   inv_mpu.o
      3440        126       3062          0         16      14967   inv_mpu_dmp_motion_driver.o
        92          6          0          0          0        569   led.o
        68         18          0         12         12       1000   main.o
       220         20          0          0          0      20737   misc.o
      1816        806          0          9          0       2455   mpu6050.o
       964          8          0          0          0       2842   quad_uart.o
        64         26        304          0       1536        820   startup_stm32f10x_hd.o
       940          6          0          0          0       3657   stm32_i2c.o
       856         40          0          0          0      14097   stm32f10x_gpio.o
       224         32          0          2         12       1927   stm32f10x_it.o
       932         44          0         20          0      17616   stm32f10x_rcc.o
      1032         22          0          0          0      14508   stm32f10x_usart.o
       188         10          0          0          0      16056   system_init.o
       476         36          0         20          0     213239   system_stm32f10x.o

    ----------------------------------------------------------------------
     19188       1370       3560        108       1576     350156   Object Totals
         0          0         32          0          0          0   (incl. Generated)
         2          0          5          1          0          0   (incl. Padding)

    ----------------------------------------------------------------------

      Code (inc. data)   RO Data    RW Data    ZI Data      Debug   Library Member Name

         8          0          0          0          0         68   __main.o
        52          8          0          0          0          0   __scatter.o
        26          0          0          0          0          0   __scatter_copy.o
        28          0          0          0          0          0   __scatter_zi.o
        22          0          0          0          0        100   _rserrno.o
        16          0          0          0          0         68   aeabi_memset.o
        12          0          0          0          0         72   exit.o
         6          0          0          0          0        152   heapauxi.o
         0          0          0          0          0          0   indicate_semi.o
         2          0          0          0          0          0   libinit.o
         2          0          0          0          0          0   libinit2.o
         2          0          0          0          0          0   libshutdown.o
         2          0          0          0          0          0   libshutdown2.o
         8          4          0          0         96         68   libspace.o
        72          0          0          0          0         76   llsdiv.o
       238          0          0          0          0        100   lludivv7m.o
        88          0          0          0          0         76   memcmp.o
         8          4          0          0          0         68   rt_errno_addr_intlibspace.o
        68          0          0          0          0         68   rt_memclr.o
        78          0          0          0          0         80   rt_memclr_w.o
         0          0          0          0          0          0   rtentry.o
        12          0          0          0          0          0   rtentry2.o
         6          0          0          0          0          0   rtentry4.o
         2          0          0          0          0          0   rtexit.o
        10          0          0          0          0          0   rtexit2.o
        62          0          0          0          0         76   strlen.o
        12          4          0          0          0         68   sys_exit.o
        74          0          0          0          0         80   sys_stackheap_outer.o
         2          0          0          0          0         68   use_no_semi.o
        98          4          0          0          0         92   d2f.o
       826         16          0          0          0        348   daddsub_clz.o
        16          4          0          0          0         68   dcheck1.o
       688        140          0          0          0        208   ddiv.o
       340         12          0          0          0        104   dmul.o
       156          4          0          0          0         92   dnaninf.o
        12          0          0          0          0         68   dretinf.o
       460         56          0          0          0        120   dsqrt_noumaal.o
        86          4          0          0          0         84   f2d.o
       430          8          0          0          0        168   faddsub_clz.o
        24          0          0          0          0         68   fcmpi.o
       388         76          0          0          0         96   fdiv.o
       104          4          0          0          0         84   feqf.o
        54          4          0          0          0         84   ffix.o
        62          4          0          0          0         84   ffixu.o
        86          0          0          0          0        136   fflt_clz.o
       104          4          0          0          0         84   fleqf.o
       258          4          0          0          0         84   fmul.o
       140          4          0          0          0         84   fnaninf.o
        10          0          0          0          0         68   fretinf.o
        98          0          0          0          0         68   frleqf.o
       100          0          0          0          0         68   retnan.o
        92          0          0          0          0         68   scalbn.o
        48          0          0          0          0         68   trapv.o
         0          0          0          0          0          0   usenofp.o
       636         52         80          0          0        168   asin.o
       548         70        152          0          0        124   atan.o
       384         38          0          0          0        144   atan2.o
        16          6          0          0          0         68   dunder.o
        40          0          0          0          0         68   fpclassify.o
       170          0          0          0          0         96   poly.o
         0          0          8          0          0          0   qnan.o
        76          0          0          0          0         84   sqrt.o

    ----------------------------------------------------------------------
      7492        534        240          0        100       4536   Library Totals
        24          0          0          0          4          0   (incl. Padding)

    ----------------------------------------------------------------------

      Code (inc. data)   RO Data    RW Data    ZI Data      Debug   Library Name

       918         20          0          0         96       1288   c_w.l
      4680        348          0          0          0       2496   fz_ws.l
      1870        166        240          0          0        752   m_ws.l

    ----------------------------------------------------------------------
      7492        534        240          0        100       4536   Library Totals

    ----------------------------------------------------------------------

==============================================================================


      Code (inc. data)   RO Data    RW Data    ZI Data      Debug   

     26680       1904       3800        108       1676     350792   Grand Totals
     26680       1904       3800        108       1676     350792   ELF Image Totals
     26680       1904       3800        108          0          0   ROM Totals

==============================================================================

    Total RO  Size (Code + RO Data)                30480 (  29.77kB)
    Total RW  Size (RW Data + ZI Data)              1784 (   1.74kB)
    Total ROM Size (Code + RO Data + RW Data)      30588 (  29.87kB)

==============================================================================

