C51 COMPILER V9.00   STC15W4KPWM                                                           02/02/2015 10:24:51 PAGE 1   


C51 COMPILER V9.00, COMPILATION OF MODULE STC15W4KPWM
OBJECT MODULE PLACED IN STC15W4KPWM.OBJ
COMPILER INVOKED BY: C:\Keil_v5\C51\BIN\C51.EXE STC15W4KPWM.C LARGE OMF2 BROWSE DEBUG TABS(2)

line level    source

   1          #include <STC15W4K60S4.H>
   2          #include <STC15W4KPWM.H>
   3          #include <NRF24L01.H>
   4          #include <Timer.h>
   5          void PWMGO()
   6          {
   7   1        //所有I/O口全设为准双向，弱上拉模式
   8   1        P0M0=0x00;
   9   1        P0M1=0x00;
  10   1        P1M0=0x00;
  11   1        P1M1=0x00;
  12   1        P2M0=0x00;      
  13   1        P2M1=0x00;
  14   1        P3M0=0x00;
  15   1        P3M1=0x00;
  16   1        P4M0=0x00;
  17   1        P4M1=0x00;
  18   1        P5M0=0x00;
  19   1        P5M1=0x00;
  20   1        P6M0=0x00;
  21   1        P6M1=0x00;
  22   1        P7M0=0x00;
  23   1        P7M1=0x00;
  24   1        //设置需要使用的PWM输出口为强推挽模式
  25   1        P2M0=0x0e;
  26   1        P2M1=0x00;
  27   1        P3M0=0x80;
  28   1        P3M1=0x00;
  29   1        //使用定时器2作为时钟源
  30   1        Time2_Init();
  31   1        
  32   1        P_SW2=0x80;    //最高位置1才能访问和PWM相关的特殊寄存器
  33   1        
  34   1        PWMCFG=0xb0;    //7位    6位                5位    4位    3位    2位    1位    0位 
  35   1                        //置0  1-计数器归零触发ADC C7INI  C6INI  C5INI  C4INI  C3INI  C2INI
  36   1                        //     0-归零时不触发ADC       (值为1时上电高电平，为0低电平）   
  37   1        
  38   1        PWMCKS=0x10;    //7位6位5位    4位             3位    2位    1位    0位 
  39   1                        //   置0    0-系统时钟分频          分频参数设定
  40   1                        //          1-定时器2溢出       时钟=系统时钟/([3:0]+1)
  41   1        
  42   1        PWMIF=0x00;     //7位    6位                5位    4位    3位    2位    1位    0位 
  43   1                        //置0  计数器归零中断标志            相应PWM端口中断标志
  44   1        
  45   1        PWMFDCR=0x00;   //7位    6位       5位                4位     
  46   1                        //置0    置0 外部异常检测开关  外部异常时0-无反应 1-高阻状态
  47   1                        //3位             2位                 1位                0位      
  48   1                        //PWM异常中断  比较器与异常的关系   P2.4与异常的关系  PWM异常标志
  49   1      
  50   1        PWMCH=0x03;     //15位寄存器，决定PWM周期，数值为1-32767，单位：脉冲时钟
  51   1        PWMCL=0xe9;
  52   1        
  53   1      // 以下为每个PWM输出口单独设置
  54   1        PWM2CR=0x00;    //7位6位5位4位   3位      2位       1位        0位 
  55   1                        //    置0      输出切换 中断开关 T2中断开关 T1中断开关
C51 COMPILER V9.00   STC15W4KPWM                                                           02/02/2015 10:24:51 PAGE 2   

  56   1        PWM3CR=0x00; 
  57   1        PWM4CR=0x00; 
  58   1        PWM5CR=0x00; 
  59   1        
  60   1        PWM2T1H=0x03;          //15位寄存器第一次翻转计数  第一次翻转是指从低电平翻转到高电平的计时
  61   1        PWM2T1L=0xe8;
  62   1        PWM2T2H=0x03;          //15位寄存器第二次翻转计数  第二次翻转是指从高电平翻转到低电平的计时
  63   1        PWM2T2L=0xe9;          //第二次翻转应比精度等级要高，否则会工作不正常，比如精度1000，第二次翻转就必须小于
             -1000
  64   1          
  65   1        PWM3T1H=0x03;
  66   1        PWM3T1L=0xe8;
  67   1        PWM3T2H=0x03;  
  68   1        PWM3T2L=0xe9;
  69   1          
  70   1        PWM4T1H=0x03;
  71   1        PWM4T1L=0xe8;
  72   1        PWM4T2H=0x03;  
  73   1        PWM4T2L=0xe9;
  74   1         
  75   1        PWM5T1H=0x03;
  76   1        PWM5T1L=0xe8;
  77   1        PWM5T2H=0x03;  
  78   1        PWM5T2L=0xe9;
  79   1      //以上为每个PWM输出口单独设置
  80   1      
  81   1        PWMCR=0x8f;     //7位          6位                5位 4位 3位 2位 1位 0位     10001111
  82   1                        //PWM开关 计数归零中断开关   相应I/O为GPIO模式(0)或PWM模式(1)               
  83   1      //*********************************以下为装逼模拟电调的声音***********************************************
             -*******
  84   1        PWM(960,960,960,960);
  85   1        Delay(60000);Delay(60000);Delay(60000);
  86   1        
  87   1        T2L = 0xE8;   
  88   1        T2H = 0xFF;   
  89   1        Delay(60000);Delay(60000);Delay(60000);
  90   1        
  91   1        T2L = 0xEB; 
  92   1        T2H = 0xFF;
  93   1        Delay(60000);Delay(60000);Delay(60000);
  94   1        
  95   1        PWM(1000,1000,1000,1000);
  96   1        Delay(60000);Delay(60000);Delay(60000);Delay(60000);Delay(60000);Delay(60000);
  97   1        
  98   1        T2L = 0xE5;   
  99   1        T2H = 0xFF; 
 100   1        PWM(960,960,960,960);
 101   1        Delay(60000);Delay(60000);Delay(60000);
 102   1        PWM(1000,1000,1000,1000);
 103   1        
 104   1        Delay(60000);Delay(60000);Delay(60000);
 105   1        PWM(960,960,960,960);
 106   1        Delay(60000);Delay(60000);Delay(60000);
 107   1        PWM(1000,1000,1000,1000);
 108   1        
 109   1        Delay(60000);Delay(60000);Delay(60000);
 110   1        PWM(960,960,960,960);
 111   1        Delay(60000);Delay(60000);Delay(60000);
 112   1        PWM(1000,1000,1000,1000);
 113   1        
 114   1        Delay(60000);Delay(60000);Delay(60000);Delay(60000);Delay(60000);Delay(60000);Delay(60000);Delay(60000);D
             -elay(60000);Delay(60000);
C51 COMPILER V9.00   STC15W4KPWM                                                           02/02/2015 10:24:51 PAGE 3   

 115   1        PWM(960,960,960,960);
 116   1        Delay(60000);Delay(60000);Delay(60000);Delay(60000);Delay(60000);Delay(60000);Delay(60000);Delay(60000);
 117   1        PWM(1000,1000,1000,1000);
 118   1      //**************************************以上为装逼模拟电调的声音******************************************
             -********
 119   1        PWMCKS=0x00;
 120   1      }
 121          //本函数输入的4个值取值范围为0-1000 1000电机停，0转速最高，输入数据不能超过取值范围，否则会大姨妈
 122          void PWM(unsigned int PWMa,unsigned int PWMb,unsigned int PWMc,unsigned int PWMd)
 123          {  
 124   1          PWM2T1H=PWMa>>8;          //15位寄存器第一次翻转计数  第一次翻转是指从低电平翻转到高电平的计时
 125   1          PWM2T1L=PWMa;
 126   1        
 127   1          PWM3T1H=PWMb>>8;
 128   1          PWM3T1L=PWMb;
 129   1      
 130   1          PWM4T1H=PWMc>>8;
 131   1          PWM4T1L=PWMc;
 132   1      
 133   1          PWM5T1H=PWMd>>8;
 134   1          PWM5T1L=PWMd;
 135   1      }


MODULE INFORMATION:   STATIC OVERLAYABLE
   CODE SIZE        =    676    ----
   CONSTANT SIZE    =   ----    ----
   XDATA SIZE       =   ----       8
   PDATA SIZE       =   ----    ----
   DATA SIZE        =   ----    ----
   IDATA SIZE       =   ----    ----
   BIT SIZE         =   ----    ----
   EDATA SIZE       =   ----    ----
   HDATA SIZE       =   ----    ----
   XDATA CONST SIZE =   ----    ----
   FAR CONST SIZE   =   ----    ----
END OF MODULE INFORMATION.


C51 COMPILATION COMPLETE.  0 WARNING(S),  0 ERROR(S)
