<html>
<body>
<pre>
<h1>µVision Build Log</h1>
<h2>Project:</h2>
E:\WorkSpace\Project\Quadcopter\Project\Handle 1.0.0\STM32F103_EXP.uvproj
Project File Date:  07/28/2016

<h2>Output:</h2>
Rebuild target 'Target 1'
assembling startup_stm32f10x_md.s...
compiling core_cm3.c...
compiling system_stm32f10x.c...
compiling misc.c...
compiling stm32f10x_it.c...
compiling stm32f10x_gpio.c...
compiling stm32f10x_rcc.c...
compiling stm32f10x_spi.c...
compiling stm32f10x_dma.c...
compiling stm32f10x_exti.c...
compiling stm32f10x_adc.c...
compiling main.c...
compiling nRF24L01.c...
compiling system_init.c...
compiling handleAD.c...
compiling handle.c...
compiling keys.c...
linking...
Program Size: Code=8108 RO-data=280 RW-data=60 ZI-data=1644  
".\Output\STM32F103_EXP.axf" - 0 Errors, 0 Warning(s).
Load "E:\\WorkSpace\\Project\\Quadcopter\\Project\\Handle 1.0.0\\Output\\STM32F103_EXP.axf" 
Erase Done.
Programming Done.
Verify OK.
Application running ...
Rebuild target 'Target 1'
assembling startup_stm32f10x_md.s...
compiling core_cm3.c...
compiling system_stm32f10x.c...
compiling misc.c...
compiling stm32f10x_it.c...
compiling stm32f10x_gpio.c...
compiling stm32f10x_rcc.c...
compiling stm32f10x_spi.c...
compiling stm32f10x_dma.c...
compiling stm32f10x_exti.c...
compiling stm32f10x_adc.c...
compiling main.c...
compiling nRF24L01.c...
compiling system_init.c...
compiling handleAD.c...
compiling handle.c...
compiling keys.c...
linking...
Program Size: Code=8096 RO-data=280 RW-data=56 ZI-data=1648  
".\Output\STM32F103_EXP.axf" - 0 Errors, 0 Warning(s).
Load "E:\\WorkSpace\\Project\\Quadcopter\\Project\\Handle 1.0.0\\Output\\STM32F103_EXP.axf" 
Erase Done.
Programming Done.
Verify OK.
Application running ...
Rebuild target 'Target 1'
assembling startup_stm32f10x_md.s...
compiling core_cm3.c...
compiling system_stm32f10x.c...
compiling misc.c...
compiling stm32f10x_it.c...
compiling stm32f10x_gpio.c...
compiling stm32f10x_rcc.c...
compiling stm32f10x_spi.c...
compiling stm32f10x_dma.c...
compiling stm32f10x_exti.c...
compiling stm32f10x_adc.c...
compiling main.c...
compiling nRF24L01.c...
compiling system_init.c...
compiling handleAD.c...
compiling handle.c...
compiling keys.c...
linking...
Program Size: Code=8104 RO-data=280 RW-data=56 ZI-data=1648  
".\Output\STM32F103_EXP.axf" - 0 Errors, 0 Warning(s).
Load "E:\\WorkSpace\\Project\\Quadcopter\\Project\\Handle 1.0.0\\Output\\STM32F103_EXP.axf" 
Erase Done.
Programming Done.
Verify OK.
Application running ...
