<html>
<body>
<pre>
<h1>µVision Build Log</h1>
<h2>Project:</h2>
E:\WorkSpace\Project\Quadcopter\Project\STM32F103_nRF24L01_TX\STM32F103_EXP.uvproj
Project File Date:  07/16/2016

<h2>Output:</h2>
Rebuild target 'Target 1'
assembling startup_stm32f10x_md.s...
compiling core_cm3.c...
compiling system_stm32f10x.c...
compiling misc.c...
compiling stm32f10x_it.c...
compiling stm32f10x_gpio.c...
compiling stm32f10x_rcc.c...
compiling stm32f10x_spi.c...
compiling main.c...
compiling nRF24L01.c...
linking...
Program Size: Code=3746 RO-data=278 RW-data=44 ZI-data=1636  
".\Output\STM32F103_EXP.axf" - 0 Errors, 0 Warning(s).
Load "E:\\WorkSpace\\Project\\Quadcopter\\Project\\STM32F103_nRF24L01_TX\\Output\\STM32F103_EXP.axf" 
Erase Done.
Programming Done.
Verify OK.
Application running ...
