<html>
<body>
<pre>
<h1>µVision Build Log</h1>
<h2>Project:</h2>
E:\WorkSpace\Project\Quadcopter\Project\DMP 3.0\STM32F103_EXP.uvproj
Project File Date:  07/19/2016

<h2>Output:</h2>
Rebuild target 'Target 1'
assembling startup_stm32f10x_hd.s...
compiling core_cm3.c...
compiling system_stm32f10x.c...
compiling misc.c...
compiling stm32f10x_it.c...
compiling stm32f10x_gpio.c...
compiling stm32f10x_rcc.c...
compiling stm32f10x_usart.c...
compiling main.c...
compiling quad_uart.c...
compiling STM32_I2C.c...
compiling delay.c...
compiling MPU6050.c...
compiling led.c...
compiling system_init.c...
compiling inv_mpu.c...
compiling inv_mpu_dmp_motion_driver.c...
linking...
Program Size: Code=26600 RO-data=3800 RW-data=108 ZI-data=1660  
".\Output\STM32F103_EXP.axf" - 0 Errors, 0 Warning(s).
Load "E:\\WorkSpace\\Project\\Quadcopter\\Project\\DMP 3.0\\Output\\STM32F103_EXP.axf" 
Erase Done.
Programming Done.
Verify OK.
Application running ...
Rebuild target 'Target 1'
assembling startup_stm32f10x_hd.s...
compiling core_cm3.c...
compiling system_stm32f10x.c...
compiling misc.c...
compiling stm32f10x_it.c...
compiling stm32f10x_gpio.c...
compiling stm32f10x_rcc.c...
compiling stm32f10x_usart.c...
compiling main.c...
compiling quad_uart.c...
compiling STM32_I2C.c...
compiling delay.c...
compiling MPU6050.c...
compiling led.c...
compiling system_init.c...
compiling inv_mpu.c...
compiling inv_mpu_dmp_motion_driver.c...
linking...
Program Size: Code=26680 RO-data=3800 RW-data=108 ZI-data=1676  
".\Output\STM32F103_EXP.axf" - 0 Errors, 0 Warning(s).
Load "E:\\WorkSpace\\Project\\Quadcopter\\Project\\DMP 3.0\\Output\\STM32F103_EXP.axf" 
Erase Done.
Programming Done.
Verify OK.
Application running ...
