<html>
<body>
<pre>
<h1>µVision Build Log</h1>
<h2>Project:</h2>
E:\WorkSpace\Project\Quadcopter\Project\LOSS\Quadcopter 1.1.0\STM32F103_EXP.uvproj
Project File Date:  07/16/2016

<h2>Output:</h2>
Rebuild target 'Target 1'
assembling startup_stm32f10x_md.s...
compiling core_cm3.c...
compiling system_stm32f10x.c...
compiling misc.c...
compiling stm32f10x_it.c...
compiling stm32f10x_gpio.c...
compiling stm32f10x_rcc.c...
compiling stm32f10x_usart.c...
compiling stm32f10x_exti.c...
compiling stm32f10x_tim.c...
compiling delay.c...
compiling led.c...
compiling main.c...
compiling quad_uart.c...
compiling STM32_I2C.c...
compiling system_init.c...
compiling Moter.c...
compiling MPU6050.c...
compiling nRF24L01.c...
compiling pid.c...
compiling inv_mpu.c...
compiling inv_mpu_dmp_motion_driver.c...
linking...
Program Size: Code=8502 RO-data=278 RW-data=44 ZI-data=1636  
".\Output\STM32F103_EXP.axf" - 0 Errors, 0 Warning(s).
Rebuild target 'Target 1'
assembling startup_stm32f10x_md.s...
compiling core_cm3.c...
compiling system_stm32f10x.c...
compiling misc.c...
compiling stm32f10x_it.c...
compiling stm32f10x_gpio.c...
compiling stm32f10x_rcc.c...
compiling stm32f10x_usart.c...
compiling stm32f10x_exti.c...
compiling stm32f10x_tim.c...
compiling delay.c...
compiling led.c...
compiling main.c...
compiling quad_uart.c...
compiling STM32_I2C.c...
compiling system_init.c...
compiling Moter.c...
compiling MPU6050.c...
compiling nRF24L01.c...
User\Quadcopter\nRF24L01.c(12): warning:  #177-D: variable "GPIO_InitStructure" was declared but never referenced
compiling pid.c...
compiling inv_mpu.c...
compiling inv_mpu_dmp_motion_driver.c...
linking...
Program Size: Code=8534 RO-data=278 RW-data=52 ZI-data=1636  
".\Output\STM32F103_EXP.axf" - 0 Errors, 1 Warning(s).
