<html>
<body>
<pre>
<h1>礦ision Build Log</h1>
<h2>Project:</h2>
E:\WorkSpace\Project\Quadcopter\Project\串口收发\STM32F103_EXP.uvproj
Project File Date:  07/30/2016

<h2>Output:</h2>
Rebuild target 'Target 1'
assembling startup_stm32f10x_hd.s...
compiling core_cm3.c...
compiling system_stm32f10x.c...
compiling misc.c...
compiling stm32f10x_it.c...
compiling stm32f10x_gpio.c...
compiling stm32f10x_rcc.c...
compiling stm32f10x_usart.c...
compiling main.c...
compiling delay.c...
compiling quad_uart.c...
compiling system_init.c...
linking...
Program Size: Code=12032 RO-data=792 RW-data=56 ZI-data=1688  
".\Output\STM32F103_EXP.axf" - 0 Errors, 0 Warning(s).
Load "E:\\WorkSpace\\Project\\Quadcopter\\Project\\串口收发\\Output\\STM32F103_EXP.axf" 
Erase Done.
Programming Done.
Verify OK.
Application running ...
Rebuild target 'Target 1'
assembling startup_stm32f10x_hd.s...
compiling core_cm3.c...
compiling system_stm32f10x.c...
compiling misc.c...
compiling stm32f10x_it.c...
compiling stm32f10x_gpio.c...
compiling stm32f10x_rcc.c...
compiling stm32f10x_usart.c...
compiling main.c...
compiling delay.c...
compiling quad_uart.c...
compiling system_init.c...
linking...
Program Size: Code=12044 RO-data=792 RW-data=56 ZI-data=1688  
".\Output\STM32F103_EXP.axf" - 0 Errors, 0 Warning(s).
Load "E:\\WorkSpace\\Project\\Quadcopter\\Project\\串口收发\\Output\\STM32F103_EXP.axf" 
Erase Done.
Programming Done.
Verify OK.
Application running ...
Rebuild target 'Target 1'
assembling startup_stm32f10x_hd.s...
compiling core_cm3.c...
compiling system_stm32f10x.c...
compiling misc.c...
compiling stm32f10x_it.c...
compiling stm32f10x_gpio.c...
compiling stm32f10x_rcc.c...
compiling stm32f10x_usart.c...
compiling main.c...
compiling delay.c...
compiling quad_uart.c...
compiling system_init.c...
linking...
Program Size: Code=12060 RO-data=792 RW-data=56 ZI-data=1688  
".\Output\STM32F103_EXP.axf" - 0 Errors, 0 Warning(s).
Rebuild target 'Target 1'
assembling startup_stm32f10x_hd.s...
compiling core_cm3.c...
compiling system_stm32f10x.c...
compiling misc.c...
compiling stm32f10x_it.c...
compiling stm32f10x_gpio.c...
compiling stm32f10x_rcc.c...
compiling stm32f10x_usart.c...
compiling main.c...
compiling delay.c...
compiling quad_uart.c...
compiling system_init.c...
linking...
Program Size: Code=12060 RO-data=792 RW-data=56 ZI-data=1688  
".\Output\STM32F103_EXP.axf" - 0 Errors, 0 Warning(s).
Load "E:\\WorkSpace\\Project\\Quadcopter\\Project\\串口收发\\Output\\STM32F103_EXP.axf" 
Erase Done.
Programming Done.
Verify OK.
Application running ...
Rebuild target 'Target 1'
assembling startup_stm32f10x_hd.s...
compiling core_cm3.c...
compiling system_stm32f10x.c...
compiling misc.c...
compiling stm32f10x_it.c...
compiling stm32f10x_gpio.c...
compiling stm32f10x_rcc.c...
compiling stm32f10x_usart.c...
compiling main.c...
compiling delay.c...
compiling quad_uart.c...
compiling system_init.c...
linking...
Program Size: Code=12060 RO-data=792 RW-data=56 ZI-data=1688  
".\Output\STM32F103_EXP.axf" - 0 Errors, 0 Warning(s).
Load "E:\\WorkSpace\\Project\\Quadcopter\\Project\\串口收发\\Output\\STM32F103_EXP.axf" 
Erase Done.
Programming Done.
Verify OK.
Application running ...
Rebuild target 'Target 1'
assembling startup_stm32f10x_hd.s...
compiling core_cm3.c...
compiling system_stm32f10x.c...
compiling misc.c...
compiling stm32f10x_it.c...
compiling stm32f10x_gpio.c...
compiling stm32f10x_rcc.c...
compiling stm32f10x_usart.c...
compiling main.c...
compiling delay.c...
compiling quad_uart.c...
compiling system_init.c...
linking...
Program Size: Code=12060 RO-data=792 RW-data=56 ZI-data=1688  
".\Output\STM32F103_EXP.axf" - 0 Errors, 0 Warning(s).
Load "E:\\WorkSpace\\Project\\Quadcopter\\Project\\串口收发\\Output\\STM32F103_EXP.axf" 
Erase Done.
Programming Done.
Verify OK.
Application running ...
